Archive member included to satisfy reference by file (symbol)

/usr/lib/gcc/arm-none-eabi/14.2.0/../../../../arm-none-eabi/lib/thumb/v6-m/nofp/libm.a(libm_a-s_floor.o)
                              bubble.o (floor)
/usr/lib/gcc/arm-none-eabi/14.2.0/thumb/v6-m/nofp/libgcc.a(_udivsi3.o)
                              drivers/fsl_clock.o (__aeabi_uidiv)
/usr/lib/gcc/arm-none-eabi/14.2.0/thumb/v6-m/nofp/libgcc.a(_divsi3.o)
                              drivers/fsl_str.o (__aeabi_idiv)
/usr/lib/gcc/arm-none-eabi/14.2.0/thumb/v6-m/nofp/libgcc.a(_dvmd_tls.o)
                              /usr/lib/gcc/arm-none-eabi/14.2.0/thumb/v6-m/nofp/libgcc.a(_udivsi3.o) (__aeabi_idiv0)
/usr/lib/gcc/arm-none-eabi/14.2.0/thumb/v6-m/nofp/libgcc.a(_arm_cmpdf2.o)
                              /usr/lib/gcc/arm-none-eabi/14.2.0/../../../../arm-none-eabi/lib/thumb/v6-m/nofp/libm.a(libm_a-s_floor.o) (__aeabi_dcmpgt)
/usr/lib/gcc/arm-none-eabi/14.2.0/thumb/v6-m/nofp/libgcc.a(adddf3.o)
                              /usr/lib/gcc/arm-none-eabi/14.2.0/../../../../arm-none-eabi/lib/thumb/v6-m/nofp/libm.a(libm_a-s_floor.o) (__aeabi_dadd)
/usr/lib/gcc/arm-none-eabi/14.2.0/thumb/v6-m/nofp/libgcc.a(eqdf2.o)
                              /usr/lib/gcc/arm-none-eabi/14.2.0/thumb/v6-m/nofp/libgcc.a(_arm_cmpdf2.o) (__eqdf2)
/usr/lib/gcc/arm-none-eabi/14.2.0/thumb/v6-m/nofp/libgcc.a(gedf2.o)
                              /usr/lib/gcc/arm-none-eabi/14.2.0/thumb/v6-m/nofp/libgcc.a(_arm_cmpdf2.o) (__gedf2)
/usr/lib/gcc/arm-none-eabi/14.2.0/thumb/v6-m/nofp/libgcc.a(ledf2.o)
                              /usr/lib/gcc/arm-none-eabi/14.2.0/thumb/v6-m/nofp/libgcc.a(_arm_cmpdf2.o) (__ledf2)
/usr/lib/gcc/arm-none-eabi/14.2.0/thumb/v6-m/nofp/libgcc.a(muldf3.o)
                              bubble.o (__aeabi_dmul)
/usr/lib/gcc/arm-none-eabi/14.2.0/thumb/v6-m/nofp/libgcc.a(fixdfsi.o)
                              bubble.o (__aeabi_d2iz)
/usr/lib/gcc/arm-none-eabi/14.2.0/thumb/v6-m/nofp/libgcc.a(floatsidf.o)
                              bubble.o (__aeabi_i2d)
/usr/lib/gcc/arm-none-eabi/14.2.0/thumb/v6-m/nofp/libgcc.a(floatunsidf.o)
                              bubble.o (__aeabi_ui2d)
/usr/lib/gcc/arm-none-eabi/14.2.0/thumb/v6-m/nofp/libgcc.a(_clzsi2.o)
                              /usr/lib/gcc/arm-none-eabi/14.2.0/thumb/v6-m/nofp/libgcc.a(adddf3.o) (__clzsi2)
/usr/lib/gcc/arm-none-eabi/14.2.0/../../../../arm-none-eabi/lib/thumb/v6-m/nofp/libc_nano.a(libc_a-atexit.o)
                              /usr/lib/gcc/arm-none-eabi/14.2.0/../../../../arm-none-eabi/lib/thumb/v6-m/nofp/crt0.o (atexit)
/usr/lib/gcc/arm-none-eabi/14.2.0/../../../../arm-none-eabi/lib/thumb/v6-m/nofp/libc_nano.a(libc_a-exit.o)
                              /usr/lib/gcc/arm-none-eabi/14.2.0/../../../../arm-none-eabi/lib/thumb/v6-m/nofp/crt0.o (exit)
/usr/lib/gcc/arm-none-eabi/14.2.0/../../../../arm-none-eabi/lib/thumb/v6-m/nofp/libc_nano.a(libc_a-malloc.o)
                              drivers/fsl_common.o (malloc)
/usr/lib/gcc/arm-none-eabi/14.2.0/../../../../arm-none-eabi/lib/thumb/v6-m/nofp/libc_nano.a(libc_a-mallocr.o)
                              /usr/lib/gcc/arm-none-eabi/14.2.0/../../../../arm-none-eabi/lib/thumb/v6-m/nofp/libc_nano.a(libc_a-malloc.o) (_malloc_r)
/usr/lib/gcc/arm-none-eabi/14.2.0/../../../../arm-none-eabi/lib/thumb/v6-m/nofp/libc_nano.a(libc_a-mlock.o)
                              /usr/lib/gcc/arm-none-eabi/14.2.0/../../../../arm-none-eabi/lib/thumb/v6-m/nofp/libc_nano.a(libc_a-mallocr.o) (__malloc_lock)
/usr/lib/gcc/arm-none-eabi/14.2.0/../../../../arm-none-eabi/lib/thumb/v6-m/nofp/libc_nano.a(libc_a-findfp.o)
                              /usr/lib/gcc/arm-none-eabi/14.2.0/../../../../arm-none-eabi/lib/thumb/v6-m/nofp/libc_nano.a(libc_a-exit.o) (__stdio_exit_handler)
/usr/lib/gcc/arm-none-eabi/14.2.0/../../../../arm-none-eabi/lib/thumb/v6-m/nofp/libc_nano.a(libc_a-fwalk.o)
                              /usr/lib/gcc/arm-none-eabi/14.2.0/../../../../arm-none-eabi/lib/thumb/v6-m/nofp/libc_nano.a(libc_a-findfp.o) (_fwalk_sglue)
/usr/lib/gcc/arm-none-eabi/14.2.0/../../../../arm-none-eabi/lib/thumb/v6-m/nofp/libc_nano.a(libc_a-stdio.o)
                              /usr/lib/gcc/arm-none-eabi/14.2.0/../../../../arm-none-eabi/lib/thumb/v6-m/nofp/libc_nano.a(libc_a-findfp.o) (__sread)
/usr/lib/gcc/arm-none-eabi/14.2.0/../../../../arm-none-eabi/lib/thumb/v6-m/nofp/libc_nano.a(libc_a-memset.o)
                              /usr/lib/gcc/arm-none-eabi/14.2.0/../../../../arm-none-eabi/lib/thumb/v6-m/nofp/crt0.o (memset)
/usr/lib/gcc/arm-none-eabi/14.2.0/../../../../arm-none-eabi/lib/thumb/v6-m/nofp/libc_nano.a(libc_a-closer.o)
                              /usr/lib/gcc/arm-none-eabi/14.2.0/../../../../arm-none-eabi/lib/thumb/v6-m/nofp/libc_nano.a(libc_a-stdio.o) (_close_r)
/usr/lib/gcc/arm-none-eabi/14.2.0/../../../../arm-none-eabi/lib/thumb/v6-m/nofp/libc_nano.a(libc_a-reent.o)
[...]
Memory Configuration

Name             Origin             Length             Attributes
INTERRUPTS       0x00000000         0x00000100         xr
FLASH_CONFIG     0x00000400         0x00000010         xr
TEXT             0x00000410         0x0003fbf0         xr
RAM              0x1fffe000         0x00008000         xrw
*default*        0x00000000         0xffffffff

Linker script and memory map

LOAD /usr/lib/gcc/arm-none-eabi/14.2.0/thumb/v6-m/nofp/crti.o
LOAD /usr/lib/gcc/arm-none-eabi/14.2.0/thumb/v6-m/nofp/crtbegin.o
LOAD /usr/lib/gcc/arm-none-eabi/14.2.0/../../../../arm-none-eabi/lib/thumb/v6-m/nofp/crt0.o
                0x00000400                        STACK_SIZE = DEFINED (__stack_size__)?__stack_size__:0x400

.interrupts     0x00000000       0xc0
 *(.isr_vector .isr_vector.*)
 .isr_vector    0x00000000       0xc0 startup.o
                0x00000000                g_pfnVectors

.flash_config   0x00000400       0x10
                0x00000400                        . = ALIGN (0x4)
                0x00000400        0x4 LONG 0xffffffff
                0x00000404        0x4 LONG 0xffffffff
                0x00000408        0x4 LONG 0xffffffff
                0x0000040c        0x4 LONG 0xfffffffe

.text           0x00000410     0x78e9
 *(.text .text.* .gnu.linkonce.t.*)
 .text          0x00000410       0xe8 bubble.o
                0x00000410                BOARD_I2C_ReleaseBus
 .text.startup  0x000004f8      0x26c bubble.o
                0x000004f8                main
 .text          0x00000764       0x60 startup.o
                0x00000764                SysTick_Handler
                0x00000764                HardFaultIntHandler
                0x00000764                PendSVIntHandler
                0x00000764                BusFaultIntHandler
                0x00000764                NMIIntHandler
                0x00000764                UsageFaultIntHandler
                0x00000764                MemManageIntHandler
                0x00000764                SVCIntHandler
                0x00000764                DebugMonIntHandler
                0x00000768                RTCSIntHandler
                0x00000768                FTM1IntHandler
                0x00000768                USBOTGIntHandler
                0x00000768                UART0SEIntHandler
                0x00000768                UART2SEIntHandler
                0x00000768                FTM2IntHandler
                0x00000768                I2C1IntHandler
                0x00000768                PORTDIntHandler
                0x00000768                Default_ResetHandler
                0x00000768                DMA1IntHandler
                0x00000768                DACIntHandler
                0x00000768                ACMPIntHandler
                0x00000768                ResetHandler
                0x00000768                LVDIntHandler
                0x00000768                PORTAIntHandler
                0x00000768                SPI1IntHandler
                0x00000768                FTFAIntHandler
                0x00000768                UART1SEIntHandler
                0x00000768                ADCIntHandler
                0x00000768                DMA0IntHandler
                0x00000768                I2C0IntHandler
                0x00000768                FTM0IntHandler
                0x00000768                LLWUIntHandler
                0x00000768                MCGIntHandler
                0x00000768                RTCAIntHandler
                0x00000768                SPI0IntHandler
                0x00000768                TSIIntHandler
                0x00000768                LPTMRIntHandler
                0x00000768                PITIntHandler
                0x00000768                DMA3IntHandler
                0x00000768                DMA2IntHandler
 .text          0x000007c4      0x250 drivers/fsl_gpio.o
                0x000007fc                GPIO_PinInit
                0x00000840                GPIO_PortGetInterruptFlags
                0x000008a4                GPIO_PortClearInterruptFlags
                0x00000908                FGPIO_PinInit
                0x0000094c                FGPIO_PortGetInterruptFlags
                0x000009b0                FGPIO_PortClearInterruptFlags
 .text          0x00000a14      0xfa0 drivers/fsl_clock.o
                0x00000ab4                CLOCK_GetOsc0ErClkFreq
                0x00000adc                CLOCK_GetEr32kClkFreq
                0x00000b54                CLOCK_SetSimConfig
                0x00000ba0                CLOCK_EnableUsbfs0Clock
                0x00000c00                CLOCK_GetFllFreq
                0x00000c54                CLOCK_GetPllFllSelClkFreq
                0x00000ca8                CLOCK_GetOutClkFreq
                0x00000d20                CLOCK_GetBusClkFreq
                0x00000d4c                CLOCK_GetCoreSysClkFreq
                0x00000d6c                CLOCK_GetPlatClkFreq
                0x00000d8c                CLOCK_GetFlashClkFreq
                0x00000db8                CLOCK_GetFreq
                0x00000ec4                CLOCK_GetInternalRefClkFreq
                0x00000ef4                CLOCK_GetFixedFreqClkFreq
                0x00000f28                CLOCK_GetPll0Freq
                0x00000f60                CLOCK_SetExternalRefClkConfig
                0x00000f64                CLOCK_SetInternalRefClkConfig
                0x00000fe4                CLOCK_CalcPllDiv
                0x00001104                CLOCK_EnablePll0
                0x00001154                CLOCK_SetOsc0MonitorMode
                0x00001190                CLOCK_SetPll0MonitorMode
                0x000011c8                CLOCK_GetStatusFlags
                0x000011f8                CLOCK_ClearStatusFlags
                0x00001218                CLOCK_InitOsc0
                0x00001284                CLOCK_DeinitOsc0
                0x000012a0                CLOCK_TrimInternalRefClk
                0x00001370                CLOCK_GetMode
                0x000013c4                CLOCK_SetFeiMode
                0x00001428                CLOCK_SetFeeMode
                0x000014b8                CLOCK_SetFbiMode
                0x00001524                CLOCK_SetFbeMode
                0x000015a8                CLOCK_SetBlpiMode
                0x000015bc                CLOCK_SetBlpeMode
                0x000015d0                CLOCK_SetPbeMode
                0x00001644                CLOCK_SetPeeMode
                0x00001660                CLOCK_ExternalModeToFbeModeQuick
                0x0000169c                CLOCK_InternalModeToFbiModeQuick
                0x000016c4                CLOCK_BootToFeiMode
                0x000016d0                CLOCK_BootToFeeMode
                0x000016e4                CLOCK_BootToBlpiMode
                0x00001718                CLOCK_BootToBlpeMode
                0x00001750                CLOCK_BootToPeeMode
                0x00001794                CLOCK_SetMcgConfig
 .text          0x000019b4      0x13c includes/bubble/board.o
                0x000019b4                BOARD_InitDebugConsole
                0x000019ec                BOARD_I2C_Init
                0x00001a14                BOARD_I2C_Send
                0x00001a3c                BOARD_I2C_Receive
                0x00001a64                BOARD_Accel_I2C_Init
                0x00001a94                BOARD_Accel_I2C_Send
                0x00001ac4                BOARD_Accel_I2C_Receive
 .text          0x00001af0       0xa4 includes/bubble/pin_mux.o
                0x00001af0                BOARD_InitPins
                0x00001b6c                BOARD_I2C_ConfigurePins
 .text          0x00001b94       0xbc includes/bubble/clock_config.o
                0x00001b94                BOARD_BootClockRUN
                0x00001c00                BOARD_BootClockVLPR
 .text          0x00001c50      0x164 drivers/fsl_debug_console.o
                0x00001ca8                DbgConsole_Init
                0x00001cd0                DbgConsole_Deinit
                0x00001cdc                DbgConsole_Flush
                0x00001ce4                DbgConsole_Printf
                0x00001d1c                DbgConsole_Putchar
                0x00001d30                DbgConsole_Scanf
                0x00001d64                DbgConsole_Getchar
                0x00001d78                _write
                0x00001d9c                _read
 .text          0x00001db4      0x21c drivers/fsl_smc.o
                0x00001db4                SMC_PreEnterStopModes
                0x00001de0                SMC_PostExitStopModes
                0x00001e04                SMC_PreEnterWaitModes
                0x00001e18                SMC_PostExitWaitModes
                0x00001e2c                SMC_SetPowerModeRun
                0x00001e38                SMC_SetPowerModeWait
                0x00001e54                SMC_SetPowerModeStop
                0x00001ea4                SMC_SetPowerModeVlpr
                0x00001eb4                SMC_SetPowerModeVlpw
                0x00001ed0                SMC_SetPowerModeVlps
                0x00001f18                SMC_SetPowerModeLls
                0x00001f60                SMC_SetPowerModeVlls
 .text          0x00001fd0      0x148 drivers/fsl_log.o
                0x00001fd0                LOG_Init
                0x00001ff0                LOG_Deinit
                0x00001ff8                LOG_WaitIdle
                0x00002004                LOG_Push
                0x0000203c                LOG_Pop
                0x00002058                LOG_ReadLine
                0x000020e4                LOG_ReadCharacter
 .text          0x00002118      0x5b0 drivers/fsl_str.o
                0x00002118                StrFormatPrintf
                0x00002460                StrFormatScanf
 .text          0x000026c8       0xe0 drivers/fsl_ftfx_cache.o
                0x000026c8                FTFx_CACHE_Init
                0x000026f4                FTFx_CACHE_ClearCachePrefetchSpeculation
                0x00002714                FTFx_CACHE_PflashSetPrefetchSpeculation
                0x00002764                FTFx_CACHE_PflashGetPrefetchSpeculation
                0x00002790                mcm_flash_cache_clear
 .text          0x000027a8      0x140 drivers/fsl_io.o
                0x000027a8                IO_Init
                0x00002824                IO_Deinit
                0x00002858                IO_WaitIdle
                0x00002894                IO_Transfer
 .text          0x000028e8      0xd20 drivers/fsl_uart.o
                0x00002904                UART_TransferHandleIRQ
                0x00002c24                UART_GetInstance
                0x00002c50                UART_TransferGetRxRingBufferLength
                0x00002c8c                UART_Init
                0x00002ddc                UART_Deinit
                0x00002e20                UART_GetDefaultConfig
                0x00002e50                UART_SetBaudRate
                0x00002f08                UART_EnableInterrupts
                0x00002f2c                UART_DisableInterrupts
                0x00002f4c                UART_GetEnabledInterrupts
                0x00002f64                UART_GetStatusFlags
                0x00002f70                UART_ClearStatusFlags
                0x00002fb8                UART_WriteBlocking
                0x00002fd4                UART_ReadBlocking
                0x00003068                UART_TransferCreateHandle
                0x000030fc                UART_TransferStartRingBuffer
                0x00003174                UART_TransferStopRingBuffer
                0x000031e0                UART_TransferSendNonBlocking
                0x0000327c                UART_TransferAbortSend
                0x000032bc                UART_TransferGetSendCount
                0x0000330c                UART_TransferReceiveNonBlocking
                0x000034e8                UART_TransferAbortReceive
                0x00003550                UART_TransferGetReceiveCount
                0x000035a4                UART_TransferHandleErrorIRQ
                0x000035a8                UART1_DriverIRQHandler
                0x000035c0                UART1_RX_TX_DriverIRQHandler
                0x000035d8                UART2_DriverIRQHandler
                0x000035f0                UART2_RX_TX_DriverIRQHandler
 .text          0x00003608      0xdcc drivers/fsl_lpsci.o
                0x00003624                LPSCI_TransferHandleIRQ
                0x00003980                LPSCI_GetInstance
                0x00003994                LPSCI_TransferGetRxRingBufferLength
                0x000039d0                LPSCI_Init
                0x00003b4c                LPSCI_Deinit
                0x00003b78                LPSCI_GetDefaultConfig
                0x00003ba8                LPSCI_SetBaudRate
                0x00003ca4                LPSCI_EnableInterrupts
                0x00003cc8                LPSCI_DisableInterrupts
                0x00003ce8                LPSCI_GetEnabledInterrupts
                0x00003d00                LPSCI_GetStatusFlags
                0x00003d0c                LPSCI_ClearStatusFlags
                0x00003d6c                LPSCI_WriteBlocking
                0x00003da8                LPSCI_ReadBlocking
                0x00003ea4                LPSCI_TransferCreateHandle
                0x00003f14                LPSCI_TransferStartRingBuffer
                0x00003f8c                LPSCI_TransferStopRingBuffer
                0x00003ff8                LPSCI_TransferSendNonBlocking
                0x00004094                LPSCI_TransferAbortSend
                0x000040d4                LPSCI_TransferGetSendCount
                0x00004128                LPSCI_TransferReceiveNonBlocking
                0x00004304                LPSCI_TransferAbortReceive
                0x0000436c                LPSCI_TransferGetReceiveCount
                0x000043bc                LPSCI_TransferHandleErrorIRQ
                0x000043c0                UART0_DriverIRQHandler
 .text          0x000043d4       0x20 drivers/fsl_assert.o
                0x000043d4                __assert_func
 .text          0x000043f4      0x358 drivers/fsl_mma.o
                0x000043f4                MMA_ReadSensorData
                0x0000452c                MMA_ReadReg
                0x00004578                MMA_WriteReg
                0x000045ac                MMA_Init
 .text          0x0000474c     0x1204 drivers/fsl_i2c.o
                0x00004768                I2C_SlaveTransferHandleIRQ
                0x000049b4                I2C_GetInstance
                0x000049d8                I2C_MasterDeinit
                0x00004a14                I2C_MasterGetDefaultConfig
                0x00004a48                I2C_EnableInterrupts
                0x00004a68                I2C_DisableInterrupts
                0x00004a84                I2C_MasterSetBaudRate
                0x00004b10                I2C_MasterInit
                0x00004bbc                I2C_MasterStart
                0x00004c04                I2C_MasterRepeatedStart
                0x00004c68                I2C_MasterTransferHandleIRQ
                0x00004ea4                I2C_MasterStop
                0x00004eb8                I2C_MasterGetStatusFlags
                0x00004ed8                I2C_MasterWriteBlocking
                0x00004f60                I2C_MasterReadBlocking
                0x00005010                I2C_MasterTransferBlocking
                0x00005208                I2C_MasterTransferCreateHandle
                0x0000528c                I2C_MasterTransferNonBlocking
                0x000053e0                I2C_MasterTransferAbort
                0x0000546c                I2C_MasterTransferGetCount
                0x000054a4                I2C_SlaveInit
                0x00005628                I2C_SlaveDeinit
                0x00005664                I2C_SlaveGetDefaultConfig
                0x00005698                I2C_SlaveWriteBlocking
                0x000056ec                I2C_SlaveReadBlocking
                0x00005758                I2C_SlaveTransferCreateHandle
                0x000057dc                I2C_SlaveTransferNonBlocking
                0x00005864                I2C_SlaveTransferAbort
                0x000058b0                I2C_SlaveTransferGetCount
                0x000058f0                I2C0_DriverIRQHandler
                0x00005920                I2C1_DriverIRQHandler
 .text          0x00005950      0x518 drivers/fsl_tpm.o
                0x0000596c                TPM_Init
                0x00005a18                TPM_Deinit
                0x00005a68                TPM_GetDefaultConfig
                0x00005a9c                TPM_SetupPwm
                0x00005bc0                TPM_UpdatePwmDutycycle
                0x00005c2c                TPM_UpdateChnlEdgeLevelSelect
                0x00005ca0                TPM_SetupInputCapture
                0x00005d08                TPM_SetupOutputCompare
                0x00005d74                TPM_EnableInterrupts
                0x00005db4                TPM_DisableInterrupts
                0x00005df4                TPM_GetEnabledInterrupts
 .text.floor    0x00005e68      0x11c /usr/lib/gcc/arm-none-eabi/14.2.0/../../../../arm-none-eabi/lib/thumb/v6-m/nofp/libm.a(libm_a-s_floor.o)
                0x00005e68                floor
 .text          0x00005f84       0x8c /usr/lib/gcc/arm-none-eabi/14.2.0/thumb/v6-m/nofp/libgcc.a(_udivsi3.o)
                0x00005f84                __udivsi3
                0x00005f84                __aeabi_uidiv
                0x00005ffc                __aeabi_uidivmod
 .text          0x00006010       0xa8 /usr/lib/gcc/arm-none-eabi/14.2.0/thumb/v6-m/nofp/libgcc.a(_divsi3.o)
                0x00006010                __aeabi_idiv
                0x00006010                __divsi3
                0x000060a4                __aeabi_idivmod
 .text          0x000060b8        0x4 /usr/lib/gcc/arm-none-eabi/14.2.0/thumb/v6-m/nofp/libgcc.a(_dvmd_tls.o)
                0x000060b8                __aeabi_ldiv0
                0x000060b8                __aeabi_idiv0
 .text          0x000060bc       0x7c /usr/lib/gcc/arm-none-eabi/14.2.0/thumb/v6-m/nofp/libgcc.a(_arm_cmpdf2.o)
                0x000060bc                __aeabi_cdrcmple
                0x000060cc                __aeabi_cdcmple
                0x000060cc                __aeabi_cdcmpeq
                0x000060dc                __aeabi_dcmpeq
                0x000060e8                __aeabi_dcmplt
                0x000060fc                __aeabi_dcmple
                0x00006110                __aeabi_dcmpgt
                0x00006124                __aeabi_dcmpge
 .text.__aeabi_dadd
                0x00006138      0x590 /usr/lib/gcc/arm-none-eabi/14.2.0/thumb/v6-m/nofp/libgcc.a(adddf3.o)
                0x00006138                __aeabi_dadd
 .text.__eqdf2  0x000066c8       0x84 /usr/lib/gcc/arm-none-eabi/14.2.0/thumb/v6-m/nofp/libgcc.a(eqdf2.o)
                0x000066c8                __eqdf2
                0x000066c8                __nedf2
 .text.__gedf2  0x0000674c       0xc8 /usr/lib/gcc/arm-none-eabi/14.2.0/thumb/v6-m/nofp/libgcc.a(gedf2.o)
                0x0000674c                __gtdf2
                0x0000674c                __gedf2
 .text.__ledf2  0x00006814       0xc8 /usr/lib/gcc/arm-none-eabi/14.2.0/thumb/v6-m/nofp/libgcc.a(ledf2.o)
                0x00006814                __ltdf2
                0x00006814                __ledf2
 .text.__aeabi_dmul
                0x000068dc      0x44c /usr/lib/gcc/arm-none-eabi/14.2.0/thumb/v6-m/nofp/libgcc.a(muldf3.o)
                0x000068dc                __aeabi_dmul
 .text.__aeabi_d2iz
                0x00006d28       0x64 /usr/lib/gcc/arm-none-eabi/14.2.0/thumb/v6-m/nofp/libgcc.a(fixdfsi.o)
                0x00006d28                __aeabi_d2iz
 .text.__aeabi_i2d
                0x00006d8c       0x50 /usr/lib/gcc/arm-none-eabi/14.2.0/thumb/v6-m/nofp/libgcc.a(floatsidf.o)
                0x00006d8c                __aeabi_i2d
 .text.__aeabi_ui2d
                0x00006ddc       0x40 /usr/lib/gcc/arm-none-eabi/14.2.0/thumb/v6-m/nofp/libgcc.a(floatunsidf.o)
                0x00006ddc                __aeabi_ui2d
 .text          0x00006e1c       0x3c /usr/lib/gcc/arm-none-eabi/14.2.0/thumb/v6-m/nofp/libgcc.a(_clzsi2.o)
                0x00006e1c                __clzsi2
 .text.memset   0x00006e58       0x10 /usr/lib/gcc/arm-none-eabi/14.2.0/../../../../arm-none-eabi/lib/thumb/v6-m/nofp/libc_nano.a(libc_a-memset.o)
                0x00006e58                memset
 .text.memcpy   0x00006e68       0x12 /usr/lib/gcc/arm-none-eabi/14.2.0/../../../../arm-none-eabi/lib/thumb/v6-m/nofp/libc_nano.a(libc_a-memcpy-stub.o)
                0x00006e68                memcpy
 .text          0x00006e7a        0xe /usr/lib/gcc/arm-none-eabi/14.2.0/../../../../arm-none-eabi/lib/thumb/v6-m/nofp/libc_nano.a(libc_a-strlen.o)
                0x00006e7a                strlen
 *(.glue_7t)
 .glue_7t       0x00006e88        0x0 linker stubs
 *(.glue_7)
 .glue_7        0x00006e88        0x0 linker stubs
 *(.rodata .rodata* .gnu.linkonce.r.*)
 .rodata.str1.4
                0x00006e88      0x448 bubble.o
                                 0xb1 (size before relaxing)
 .rodata        0x000072d0        0x4 bubble.o
                0x000072d0                g_accel_address
 .rodata.str1.4
                0x000072d4       0x63 drivers/fsl_gpio.o
 .rodata        0x000072d4       0x46 drivers/fsl_gpio.o
 .rodata.str1.4
                0x0000731a       0x37 drivers/fsl_clock.o
 *fill*         0x0000731a        0x2 
 .rodata        0x0000731c      0x138 drivers/fsl_clock.o
 .rodata        0x00007454       0x36 includes/bubble/clock_config.o
                0x00007454                oscConfig_BOARD_BootClockRUN
                0x0000745c                mcgConfig_BOARD_BootClockRUN
                0x00007468                simConfig_BOARD_BootClockRUN
                0x00007470                simConfig_BOARD_BootClockVLPR
                0x00007478                oscConfig_BOARD_BootClockVLPR
                0x00007480                mcgConfig_BOARD_BootClockVLPR
 .rodata.str1.4
                0x0000748a       0x48 drivers/fsl_debug_console.o
 *fill*         0x0000748a        0x2 
 .rodata        0x0000748c       0x10 drivers/fsl_debug_console.o
 .rodata        0x0000749c        0x2 drivers/fsl_smc.o
 .rodata.str1.4
                0x0000749e       0x2b drivers/fsl_log.o
 *fill*         0x0000749e        0x2 
 .rodata        0x000074a0       0x2e drivers/fsl_log.o
 *fill*         0x000074ce        0x2 
 .rodata        0x000074d0      0x124 drivers/fsl_str.o
 .rodata        0x000075f4       0x1c drivers/fsl_ftfx_cache.o
 .rodata.str1.4
                0x00007610       0x1d drivers/fsl_io.o
 .rodata        0x00007610        0x8 drivers/fsl_io.o
 .rodata.str1.4
                0x00007618       0xa6 drivers/fsl_uart.o
 .rodata        0x00007618      0x1d1 drivers/fsl_uart.o
 .rodata.str1.4
                0x000077e9       0xae drivers/fsl_lpsci.o
 *fill*         0x000077e9        0x3 
 .rodata        0x000077ec      0x1ee drivers/fsl_lpsci.o
 .rodata.str1.4
                0x000079da       0x3e drivers/fsl_assert.o
 .rodata.str1.4
                0x000079da       0x27 drivers/fsl_mma.o
 *fill*         0x000079da        0x2 
 .rodata        0x000079dc       0x25 drivers/fsl_mma.o
 .rodata.str1.4
                0x00007a01       0xc2 drivers/fsl_i2c.o
 *fill*         0x00007a01        0x3 
 .rodata        0x00007a04      0x230 drivers/fsl_i2c.o
                0x00007c2c                s_i2cBases
 .rodata.str1.4
                0x00007c34       0xac drivers/fsl_tpm.o
 .rodata        0x00007c34       0xc5 drivers/fsl_tpm.o

.vfp11_veneer   0x00007cfc        0x0
 .vfp11_veneer  0x00007cfc        0x0 linker stubs

.v4_bx          0x00007cfc        0x0
 .v4_bx         0x00007cfc        0x0 linker stubs

.init           0x00007cfc        0x4
 .init          0x00007cfc        0x4 /usr/lib/gcc/arm-none-eabi/14.2.0/thumb/v6-m/nofp/crti.o
                0x00007cfc                _init

.fini           0x00007d00        0x4
 .fini          0x00007d00        0x4 /usr/lib/gcc/arm-none-eabi/14.2.0/thumb/v6-m/nofp/crti.o
                0x00007d00                _fini

.iplt           0x00007d04        0x0
 .iplt          0x00007d04        0x0 bubble.o

.rel.dyn        0x00007d04        0x0
 .rel.iplt      0x00007d04        0x0 bubble.o

.ARM.extab
 *(.ARM.extab* .gnu.linkonce.armextab.*)

.ARM.exidx
 *(.ARM.exidx* .gnu.linkonce.armexidx.*)
                0x00007d04                        . = ALIGN (0x4)
                0x00007d04                        _etext = .
                0x00007d04                        _sidata = .

.data           0x1fffe000        0xc load address 0x00007d04
                0x1fffe000                        _sdata = .
 *(.data .data.*)
 .data          0x1fffe000        0x8 drivers/fsl_clock.o
 .data          0x1fffe008        0x4 includes/system_MKL46Z4.o
                0x1fffe008                SystemCoreClock
                0x1fffe00c                        . = ALIGN (0x4)
                0x1fffe00c                        _edata = .

.igot.plt       0x1fffe00c        0x0 load address 0x00007d10
 .igot.plt      0x1fffe00c        0x0 bubble.o

.bss            0x1fffe00c       0x7c load address 0x00007d10
                0x1fffe00c                        _sbss = .
 *(.bss .bss.*)
 .bss           0x1fffe00c        0x8 drivers/fsl_clock.o
                0x1fffe00c                g_xtal0Freq
                0x1fffe010                g_xtal32Freq
 .bss           0x1fffe014        0x4 drivers/fsl_smc.o
 .bss           0x1fffe018       0x40 drivers/fsl_ftfx_cache.o
 .bss           0x1fffe058        0x8 drivers/fsl_io.o
 .bss           0x1fffe060       0x10 drivers/fsl_uart.o
 .bss           0x1fffe070        0x8 drivers/fsl_lpsci.o
 .bss           0x1fffe078       0x10 drivers/fsl_i2c.o
 *(COMMON)
                0x1fffe088                        . = ALIGN (0x4)
                0x1fffe088                        _ebss = .

.co_stack       0x1fffe088      0x400 load address 0x00007d8c
                0x1fffe088                        . = ALIGN (0x8)
                0x1fffe488                        . = (. + STACK_SIZE)
 *fill*         0x1fffe088      0x400 
                0x1fffe488                        _start_of_stack = .
                0x1fffe488                        . = ALIGN (0x4)
                0x1fffe488                        _end = .
LOAD bubble.o
LOAD startup.o
LOAD drivers/fsl_gpio.o
LOAD drivers/fsl_tsi_v4.o
LOAD drivers/fsl_clock.o
LOAD drivers/fsl_common.o
LOAD includes/bubble/board.o
LOAD includes/bubble/pin_mux.o
LOAD includes/bubble/clock_config.o
LOAD includes/system_MKL46Z4.o
LOAD drivers/fsl_debug_console.o
LOAD drivers/fsl_smc.o
LOAD drivers/fsl_log.o
LOAD drivers/fsl_str.o
LOAD drivers/fsl_ftfx_cache.o
LOAD drivers/fsl_ftfx_controller.o
LOAD drivers/fsl_io.o
LOAD drivers/fsl_uart.o
LOAD drivers/fsl_lpsci.o
LOAD drivers/fsl_assert.o
LOAD drivers/fsl_mma.o
LOAD drivers/fsl_i2c.o
LOAD drivers/fsl_tpm.o
LOAD /usr/lib/gcc/arm-none-eabi/14.2.0/../../../../arm-none-eabi/lib/thumb/v6-m/nofp/libm.a
START GROUP
LOAD /usr/lib/gcc/arm-none-eabi/14.2.0/thumb/v6-m/nofp/libgcc.a
LOAD /usr/lib/gcc/arm-none-eabi/14.2.0/../../../../arm-none-eabi/lib/thumb/v6-m/nofp/libc_nano.a
END GROUP
START GROUP
LOAD /usr/lib/gcc/arm-none-eabi/14.2.0/thumb/v6-m/nofp/libgcc.a
LOAD /usr/lib/gcc/arm-none-eabi/14.2.0/../../../../arm-none-eabi/lib/thumb/v6-m/nofp/libc_nano.a
END GROUP
LOAD /usr/lib/gcc/arm-none-eabi/14.2.0/thumb/v6-m/nofp/crtend.o
LOAD /usr/lib/gcc/arm-none-eabi/14.2.0/thumb/v6-m/nofp/crtn.o
OUTPUT(bubble.elf elf32-littlearm)
LOAD linker stubs

.ARM.attributes
                0x00000000       0x28
 .ARM.attributes
                0x00000000       0x1e /usr/lib/gcc/arm-none-eabi/14.2.0/thumb/v6-m/nofp/crti.o
 .ARM.attributes
                0x0000001e       0x2c bubble.o
 .ARM.attributes
                0x0000004a       0x2c startup.o
 .ARM.attributes
                0x00000076       0x2c drivers/fsl_gpio.o
 .ARM.attributes
                0x000000a2       0x2c drivers/fsl_clock.o
 .ARM.attributes
                0x000000ce       0x2c includes/bubble/board.o
 .ARM.attributes
                0x000000fa       0x2c includes/bubble/pin_mux.o
 .ARM.attributes
                0x00000126       0x2c includes/bubble/clock_config.o
 .ARM.attributes
                0x00000152       0x2c includes/system_MKL46Z4.o
 .ARM.attributes
                0x0000017e       0x2c drivers/fsl_debug_console.o
 .ARM.attributes
                0x000001aa       0x2c drivers/fsl_smc.o
 .ARM.attributes
                0x000001d6       0x2c drivers/fsl_log.o
 .ARM.attributes
                0x00000202       0x2c drivers/fsl_str.o
 .ARM.attributes
                0x0000022e       0x2c drivers/fsl_ftfx_cache.o
 .ARM.attributes
                0x0000025a       0x2c drivers/fsl_io.o
 .ARM.attributes
                0x00000286       0x2c drivers/fsl_uart.o
 .ARM.attributes
                0x000002b2       0x2c drivers/fsl_lpsci.o
 .ARM.attributes
                0x000002de       0x2c drivers/fsl_assert.o
 .ARM.attributes
                0x0000030a       0x2c drivers/fsl_mma.o
 .ARM.attributes
                0x00000336       0x2c drivers/fsl_i2c.o
 .ARM.attributes
                0x00000362       0x2c drivers/fsl_tpm.o
 .ARM.attributes
                0x0000038e       0x2c /usr/lib/gcc/arm-none-eabi/14.2.0/../../../../arm-none-eabi/lib/thumb/v6-m/nofp/libm.a(libm_a-s_floor.o)
 .ARM.attributes
                0x000003ba       0x1e /usr/lib/gcc/arm-none-eabi/14.2.0/thumb/v6-m/nofp/libgcc.a(_udivsi3.o)
 .ARM.attributes
                0x000003d8       0x1e /usr/lib/gcc/arm-none-eabi/14.2.0/thumb/v6-m/nofp/libgcc.a(_divsi3.o)
 .ARM.attributes
                0x000003f6       0x1e /usr/lib/gcc/arm-none-eabi/14.2.0/thumb/v6-m/nofp/libgcc.a(_dvmd_tls.o)
 .ARM.attributes
                0x00000414       0x1e /usr/lib/gcc/arm-none-eabi/14.2.0/thumb/v6-m/nofp/libgcc.a(_arm_cmpdf2.o)
 .ARM.attributes
                0x00000432       0x2c /usr/lib/gcc/arm-none-eabi/14.2.0/thumb/v6-m/nofp/libgcc.a(adddf3.o)
 .ARM.attributes
                0x0000045e       0x2c /usr/lib/gcc/arm-none-eabi/14.2.0/thumb/v6-m/nofp/libgcc.a(eqdf2.o)
 .ARM.attributes
                0x0000048a       0x2c /usr/lib/gcc/arm-none-eabi/14.2.0/thumb/v6-m/nofp/libgcc.a(gedf2.o)
 .ARM.attributes
                0x000004b6       0x2c /usr/lib/gcc/arm-none-eabi/14.2.0/thumb/v6-m/nofp/libgcc.a(ledf2.o)
 .ARM.attributes
                0x000004e2       0x2c /usr/lib/gcc/arm-none-eabi/14.2.0/thumb/v6-m/nofp/libgcc.a(muldf3.o)
 .ARM.attributes
                0x0000050e       0x2c /usr/lib/gcc/arm-none-eabi/14.2.0/thumb/v6-m/nofp/libgcc.a(fixdfsi.o)
 .ARM.attributes
                0x0000053a       0x2c /usr/lib/gcc/arm-none-eabi/14.2.0/thumb/v6-m/nofp/libgcc.a(floatsidf.o)
 .ARM.attributes
                0x00000566       0x2c /usr/lib/gcc/arm-none-eabi/14.2.0/thumb/v6-m/nofp/libgcc.a(floatunsidf.o)
 .ARM.attributes
                0x00000592       0x1e /usr/lib/gcc/arm-none-eabi/14.2.0/thumb/v6-m/nofp/libgcc.a(_clzsi2.o)
 .ARM.attributes
                0x000005b0       0x2c /usr/lib/gcc/arm-none-eabi/14.2.0/../../../../arm-none-eabi/lib/thumb/v6-m/nofp/libc_nano.a(libc_a-memset.o)
 .ARM.attributes
                0x000005dc       0x2c /usr/lib/gcc/arm-none-eabi/14.2.0/../../../../arm-none-eabi/lib/thumb/v6-m/nofp/libc_nano.a(libc_a-memcpy-stub.o)
 .ARM.attributes
                0x00000608       0x1c /usr/lib/gcc/arm-none-eabi/14.2.0/../../../../arm-none-eabi/lib/thumb/v6-m/nofp/libc_nano.a(libc_a-strlen.o)

.comment        0x00000000       0x1e
 .comment       0x00000000       0x1e bubble.o
                                 0x1f (size before relaxing)
 .comment       0x0000001e       0x1f startup.o
 .comment       0x0000001e       0x1f drivers/fsl_gpio.o
 .comment       0x0000001e       0x1f drivers/fsl_clock.o
 .comment       0x0000001e       0x1f includes/bubble/board.o
 .comment       0x0000001e       0x1f includes/bubble/pin_mux.o
 .comment       0x0000001e       0x1f includes/bubble/clock_config.o
 .comment       0x0000001e       0x1f includes/system_MKL46Z4.o
 .comment       0x0000001e       0x1f drivers/fsl_debug_console.o
 .comment       0x0000001e       0x1f drivers/fsl_smc.o
 .comment       0x0000001e       0x1f drivers/fsl_log.o
 .comment       0x0000001e       0x1f drivers/fsl_str.o
 .comment       0x0000001e       0x1f drivers/fsl_ftfx_cache.o
 .comment       0x0000001e       0x1f drivers/fsl_io.o
 .comment       0x0000001e       0x1f drivers/fsl_uart.o
 .comment       0x0000001e       0x1f drivers/fsl_lpsci.o
 .comment       0x0000001e       0x1f drivers/fsl_assert.o
 .comment       0x0000001e       0x1f drivers/fsl_mma.o
 .comment       0x0000001e       0x1f drivers/fsl_i2c.o
 .comment       0x0000001e       0x1f drivers/fsl_tpm.o
 .comment       0x0000001e       0x1f /usr/lib/gcc/arm-none-eabi/14.2.0/thumb/v6-m/nofp/libgcc.a(adddf3.o)
 .comment       0x0000001e       0x1f /usr/lib/gcc/arm-none-eabi/14.2.0/thumb/v6-m/nofp/libgcc.a(eqdf2.o)
 .comment       0x0000001e       0x1f /usr/lib/gcc/arm-none-eabi/14.2.0/thumb/v6-m/nofp/libgcc.a(gedf2.o)
 .comment       0x0000001e       0x1f /usr/lib/gcc/arm-none-eabi/14.2.0/thumb/v6-m/nofp/libgcc.a(ledf2.o)
 .comment       0x0000001e       0x1f /usr/lib/gcc/arm-none-eabi/14.2.0/thumb/v6-m/nofp/libgcc.a(muldf3.o)
 .comment       0x0000001e       0x1f /usr/lib/gcc/arm-none-eabi/14.2.0/thumb/v6-m/nofp/libgcc.a(fixdfsi.o)
 .comment       0x0000001e       0x1f /usr/lib/gcc/arm-none-eabi/14.2.0/thumb/v6-m/nofp/libgcc.a(floatsidf.o)
 .comment       0x0000001e       0x1f /usr/lib/gcc/arm-none-eabi/14.2.0/thumb/v6-m/nofp/libgcc.a(floatunsidf.o)
 .comment       0x0000001e       0x1f /usr/lib/gcc/arm-none-eabi/14.2.0/../../../../arm-none-eabi/lib/thumb/v6-m/nofp/libc_nano.a(libc_a-memset.o)
 .comment       0x0000001e       0x1f /usr/lib/gcc/arm-none-eabi/14.2.0/../../../../arm-none-eabi/lib/thumb/v6-m/nofp/libc_nano.a(libc_a-memcpy-stub.o)

.debug_loclists
                0x00000000     0x25b3
 .debug_loclists
                0x00000000      0x1cc /usr/lib/gcc/arm-none-eabi/14.2.0/../../../../arm-none-eabi/lib/thumb/v6-m/nofp/libm.a(libm_a-s_floor.o)
 .debug_loclists
                0x000001cc      0xe2c /usr/lib/gcc/arm-none-eabi/14.2.0/thumb/v6-m/nofp/libgcc.a(adddf3.o)
 .debug_loclists
                0x00000ff8       0xfa /usr/lib/gcc/arm-none-eabi/14.2.0/thumb/v6-m/nofp/libgcc.a(eqdf2.o)
 .debug_loclists
                0x000010f2      0x186 /usr/lib/gcc/arm-none-eabi/14.2.0/thumb/v6-m/nofp/libgcc.a(gedf2.o)
 .debug_loclists
                0x00001278      0x17f /usr/lib/gcc/arm-none-eabi/14.2.0/thumb/v6-m/nofp/libgcc.a(ledf2.o)
 .debug_loclists
                0x000013f7      0xca0 /usr/lib/gcc/arm-none-eabi/14.2.0/thumb/v6-m/nofp/libgcc.a(muldf3.o)
 .debug_loclists
                0x00002097      0x162 /usr/lib/gcc/arm-none-eabi/14.2.0/thumb/v6-m/nofp/libgcc.a(fixdfsi.o)
 .debug_loclists
                0x000021f9      0x161 /usr/lib/gcc/arm-none-eabi/14.2.0/thumb/v6-m/nofp/libgcc.a(floatsidf.o)
 .debug_loclists
                0x0000235a      0x12a /usr/lib/gcc/arm-none-eabi/14.2.0/thumb/v6-m/nofp/libgcc.a(floatunsidf.o)
 .debug_loclists
                0x00002484       0x80 /usr/lib/gcc/arm-none-eabi/14.2.0/../../../../arm-none-eabi/lib/thumb/v6-m/nofp/libc_nano.a(libc_a-memset.o)
 .debug_loclists
                0x00002504       0xaf /usr/lib/gcc/arm-none-eabi/14.2.0/../../../../arm-none-eabi/lib/thumb/v6-m/nofp/libc_nano.a(libc_a-memcpy-stub.o)

.debug_rnglists
                0x00000000      0x3ef
 .debug_rnglists
                0x00000000       0x34 /usr/lib/gcc/arm-none-eabi/14.2.0/../../../../arm-none-eabi/lib/thumb/v6-m/nofp/libm.a(libm_a-s_floor.o)
 .debug_rnglists
                0x00000034      0x14d /usr/lib/gcc/arm-none-eabi/14.2.0/thumb/v6-m/nofp/libgcc.a(adddf3.o)
 .debug_rnglists
                0x00000181       0x2f /usr/lib/gcc/arm-none-eabi/14.2.0/thumb/v6-m/nofp/libgcc.a(eqdf2.o)
 .debug_rnglists
                0x000001b0       0x3e /usr/lib/gcc/arm-none-eabi/14.2.0/thumb/v6-m/nofp/libgcc.a(gedf2.o)
 .debug_rnglists
                0x000001ee       0x3e /usr/lib/gcc/arm-none-eabi/14.2.0/thumb/v6-m/nofp/libgcc.a(ledf2.o)
 .debug_rnglists
                0x0000022c      0x101 /usr/lib/gcc/arm-none-eabi/14.2.0/thumb/v6-m/nofp/libgcc.a(muldf3.o)
 .debug_rnglists
                0x0000032d       0x25 /usr/lib/gcc/arm-none-eabi/14.2.0/thumb/v6-m/nofp/libgcc.a(fixdfsi.o)
 .debug_rnglists
                0x00000352       0x3a /usr/lib/gcc/arm-none-eabi/14.2.0/thumb/v6-m/nofp/libgcc.a(floatsidf.o)
 .debug_rnglists
                0x0000038c       0x3d /usr/lib/gcc/arm-none-eabi/14.2.0/thumb/v6-m/nofp/libgcc.a(floatunsidf.o)
 .debug_rnglists
                0x000003c9       0x13 /usr/lib/gcc/arm-none-eabi/14.2.0/../../../../arm-none-eabi/lib/thumb/v6-m/nofp/libc_nano.a(libc_a-memset.o)
 .debug_rnglists
                0x000003dc       0x13 /usr/lib/gcc/arm-none-eabi/14.2.0/../../../../arm-none-eabi/lib/thumb/v6-m/nofp/libc_nano.a(libc_a-memcpy-stub.o)

.debug_frame    0x00000000      0x234
 .debug_frame   0x00000000       0x38 /usr/lib/gcc/arm-none-eabi/14.2.0/../../../../arm-none-eabi/lib/thumb/v6-m/nofp/libm.a(libm_a-s_floor.o)
 .debug_frame   0x00000038       0x20 /usr/lib/gcc/arm-none-eabi/14.2.0/thumb/v6-m/nofp/libgcc.a(_udivsi3.o)
 .debug_frame   0x00000058       0x20 /usr/lib/gcc/arm-none-eabi/14.2.0/thumb/v6-m/nofp/libgcc.a(_divsi3.o)
 .debug_frame   0x00000078       0x34 /usr/lib/gcc/arm-none-eabi/14.2.0/thumb/v6-m/nofp/libgcc.a(adddf3.o)
 .debug_frame   0x000000ac       0x30 /usr/lib/gcc/arm-none-eabi/14.2.0/thumb/v6-m/nofp/libgcc.a(eqdf2.o)
 .debug_frame   0x000000dc       0x30 /usr/lib/gcc/arm-none-eabi/14.2.0/thumb/v6-m/nofp/libgcc.a(gedf2.o)
 .debug_frame   0x0000010c       0x30 /usr/lib/gcc/arm-none-eabi/14.2.0/thumb/v6-m/nofp/libgcc.a(ledf2.o)
 .debug_frame   0x0000013c       0x30 /usr/lib/gcc/arm-none-eabi/14.2.0/thumb/v6-m/nofp/libgcc.a(muldf3.o)
 .debug_frame   0x0000016c       0x2c /usr/lib/gcc/arm-none-eabi/14.2.0/thumb/v6-m/nofp/libgcc.a(fixdfsi.o)
 .debug_frame   0x00000198       0x2c /usr/lib/gcc/arm-none-eabi/14.2.0/thumb/v6-m/nofp/libgcc.a(floatsidf.o)
 .debug_frame   0x000001c4       0x28 /usr/lib/gcc/arm-none-eabi/14.2.0/thumb/v6-m/nofp/libgcc.a(floatunsidf.o)
 .debug_frame   0x000001ec       0x20 /usr/lib/gcc/arm-none-eabi/14.2.0/../../../../arm-none-eabi/lib/thumb/v6-m/nofp/libc_nano.a(libc_a-memset.o)
 .debug_frame   0x0000020c       0x28 /usr/lib/gcc/arm-none-eabi/14.2.0/../../../../arm-none-eabi/lib/thumb/v6-m/nofp/libc_nano.a(libc_a-memcpy-stub.o)

.debug_line     0x00000000     0x2538
 .debug_line    0x00000000       0x61 /usr/lib/gcc/arm-none-eabi/14.2.0/thumb/v6-m/nofp/libgcc.a(_udivsi3.o)
 .debug_line    0x00000061       0x6f /usr/lib/gcc/arm-none-eabi/14.2.0/thumb/v6-m/nofp/libgcc.a(_divsi3.o)
 .debug_line    0x000000d0       0x4a /usr/lib/gcc/arm-none-eabi/14.2.0/thumb/v6-m/nofp/libgcc.a(_dvmd_tls.o)
 .debug_line    0x0000011a       0x62 /usr/lib/gcc/arm-none-eabi/14.2.0/thumb/v6-m/nofp/libgcc.a(_arm_cmpdf2.o)
 .debug_line    0x0000017c      0xe03 /usr/lib/gcc/arm-none-eabi/14.2.0/thumb/v6-m/nofp/libgcc.a(adddf3.o)
 .debug_line    0x00000f7f      0x16d /usr/lib/gcc/arm-none-eabi/14.2.0/thumb/v6-m/nofp/libgcc.a(eqdf2.o)
 .debug_line    0x000010ec      0x213 /usr/lib/gcc/arm-none-eabi/14.2.0/thumb/v6-m/nofp/libgcc.a(gedf2.o)
 .debug_line    0x000012ff      0x213 /usr/lib/gcc/arm-none-eabi/14.2.0/thumb/v6-m/nofp/libgcc.a(ledf2.o)
 .debug_line    0x00001512      0x882 /usr/lib/gcc/arm-none-eabi/14.2.0/thumb/v6-m/nofp/libgcc.a(muldf3.o)
 .debug_line    0x00001d94      0x159 /usr/lib/gcc/arm-none-eabi/14.2.0/thumb/v6-m/nofp/libgcc.a(fixdfsi.o)
 .debug_line    0x00001eed      0x179 /usr/lib/gcc/arm-none-eabi/14.2.0/thumb/v6-m/nofp/libgcc.a(floatsidf.o)
 .debug_line    0x00002066      0x178 /usr/lib/gcc/arm-none-eabi/14.2.0/thumb/v6-m/nofp/libgcc.a(floatunsidf.o)
 .debug_line    0x000021de       0x5e /usr/lib/gcc/arm-none-eabi/14.2.0/thumb/v6-m/nofp/libgcc.a(_clzsi2.o)
 .debug_line    0x0000223c      0x11d /usr/lib/gcc/arm-none-eabi/14.2.0/../../../../arm-none-eabi/lib/thumb/v6-m/nofp/libc_nano.a(libc_a-memset.o)
 .debug_line    0x00002359      0x190 /usr/lib/gcc/arm-none-eabi/14.2.0/../../../../arm-none-eabi/lib/thumb/v6-m/nofp/libc_nano.a(libc_a-memcpy-stub.o)
 .debug_line    0x000024e9       0x4f /usr/lib/gcc/arm-none-eabi/14.2.0/../../../../arm-none-eabi/lib/thumb/v6-m/nofp/libc_nano.a(libc_a-strlen.o)

.debug_line_str
                0x00000000      0x141
 .debug_line_str
                0x00000000      0x141 /usr/lib/gcc/arm-none-eabi/14.2.0/thumb/v6-m/nofp/libgcc.a(_udivsi3.o)
                                 0x92 (size before relaxing)
 .debug_line_str
                0x00000141       0x92 /usr/lib/gcc/arm-none-eabi/14.2.0/thumb/v6-m/nofp/libgcc.a(_divsi3.o)
 .debug_line_str
                0x00000141       0x92 /usr/lib/gcc/arm-none-eabi/14.2.0/thumb/v6-m/nofp/libgcc.a(_dvmd_tls.o)
 .debug_line_str
                0x00000141       0x92 /usr/lib/gcc/arm-none-eabi/14.2.0/thumb/v6-m/nofp/libgcc.a(_arm_cmpdf2.o)
 .debug_line_str
                0x00000141       0x92 /usr/lib/gcc/arm-none-eabi/14.2.0/thumb/v6-m/nofp/libgcc.a(_clzsi2.o)
 .debug_line_str
                0x00000141       0xa3 /usr/lib/gcc/arm-none-eabi/14.2.0/../../../../arm-none-eabi/lib/thumb/v6-m/nofp/libc_nano.a(libc_a-strlen.o)

.debug_info     0x00000000     0x1e9a
 .debug_info    0x00000000       0x3d /usr/lib/gcc/arm-none-eabi/14.2.0/thumb/v6-m/nofp/libgcc.a(_udivsi3.o)
 .debug_info    0x0000003d       0x3e /usr/lib/gcc/arm-none-eabi/14.2.0/thumb/v6-m/nofp/libgcc.a(_divsi3.o)
 .debug_info    0x0000007b       0x3c /usr/lib/gcc/arm-none-eabi/14.2.0/thumb/v6-m/nofp/libgcc.a(_dvmd_tls.o)
 .debug_info    0x000000b7       0x7e /usr/lib/gcc/arm-none-eabi/14.2.0/thumb/v6-m/nofp/libgcc.a(_arm_cmpdf2.o)
 .debug_info    0x00000135      0x589 /usr/lib/gcc/arm-none-eabi/14.2.0/thumb/v6-m/nofp/libgcc.a(adddf3.o)
 .debug_info    0x000006be      0x243 /usr/lib/gcc/arm-none-eabi/14.2.0/thumb/v6-m/nofp/libgcc.a(eqdf2.o)
 .debug_info    0x00000901      0x251 /usr/lib/gcc/arm-none-eabi/14.2.0/thumb/v6-m/nofp/libgcc.a(gedf2.o)
 .debug_info    0x00000b52      0x251 /usr/lib/gcc/arm-none-eabi/14.2.0/thumb/v6-m/nofp/libgcc.a(ledf2.o)
 .debug_info    0x00000da3      0x7b4 /usr/lib/gcc/arm-none-eabi/14.2.0/thumb/v6-m/nofp/libgcc.a(muldf3.o)
 .debug_info    0x00001557      0x1d9 /usr/lib/gcc/arm-none-eabi/14.2.0/thumb/v6-m/nofp/libgcc.a(fixdfsi.o)
 .debug_info    0x00001730      0x28f /usr/lib/gcc/arm-none-eabi/14.2.0/thumb/v6-m/nofp/libgcc.a(floatsidf.o)
 .debug_info    0x000019bf      0x27e /usr/lib/gcc/arm-none-eabi/14.2.0/thumb/v6-m/nofp/libgcc.a(floatunsidf.o)
 .debug_info    0x00001c3d       0x31 /usr/lib/gcc/arm-none-eabi/14.2.0/thumb/v6-m/nofp/libgcc.a(_clzsi2.o)
 .debug_info    0x00001c6e       0xe0 /usr/lib/gcc/arm-none-eabi/14.2.0/../../../../arm-none-eabi/lib/thumb/v6-m/nofp/libc_nano.a(libc_a-memset.o)
 .debug_info    0x00001d4e      0x11b /usr/lib/gcc/arm-none-eabi/14.2.0/../../../../arm-none-eabi/lib/thumb/v6-m/nofp/libc_nano.a(libc_a-memcpy-stub.o)
 .debug_info    0x00001e69       0x31 /usr/lib/gcc/arm-none-eabi/14.2.0/../../../../arm-none-eabi/lib/thumb/v6-m/nofp/libc_nano.a(libc_a-strlen.o)

.debug_abbrev   0x00000000      0xda7
 .debug_abbrev  0x00000000       0x28 /usr/lib/gcc/arm-none-eabi/14.2.0/thumb/v6-m/nofp/libgcc.a(_udivsi3.o)
 .debug_abbrev  0x00000028       0x28 /usr/lib/gcc/arm-none-eabi/14.2.0/thumb/v6-m/nofp/libgcc.a(_divsi3.o)
 .debug_abbrev  0x00000050       0x26 /usr/lib/gcc/arm-none-eabi/14.2.0/thumb/v6-m/nofp/libgcc.a(_dvmd_tls.o)
 .debug_abbrev  0x00000076       0x28 /usr/lib/gcc/arm-none-eabi/14.2.0/thumb/v6-m/nofp/libgcc.a(_arm_cmpdf2.o)
 .debug_abbrev  0x0000009e      0x187 /usr/lib/gcc/arm-none-eabi/14.2.0/thumb/v6-m/nofp/libgcc.a(adddf3.o)
 .debug_abbrev  0x00000225      0x157 /usr/lib/gcc/arm-none-eabi/14.2.0/thumb/v6-m/nofp/libgcc.a(eqdf2.o)
 .debug_abbrev  0x0000037c      0x159 /usr/lib/gcc/arm-none-eabi/14.2.0/thumb/v6-m/nofp/libgcc.a(gedf2.o)
 .debug_abbrev  0x000004d5      0x159 /usr/lib/gcc/arm-none-eabi/14.2.0/thumb/v6-m/nofp/libgcc.a(ledf2.o)
 .debug_abbrev  0x0000062e      0x186 /usr/lib/gcc/arm-none-eabi/14.2.0/thumb/v6-m/nofp/libgcc.a(muldf3.o)
 .debug_abbrev  0x000007b4      0x144 /usr/lib/gcc/arm-none-eabi/14.2.0/thumb/v6-m/nofp/libgcc.a(fixdfsi.o)
 .debug_abbrev  0x000008f8      0x178 /usr/lib/gcc/arm-none-eabi/14.2.0/thumb/v6-m/nofp/libgcc.a(floatsidf.o)
 .debug_abbrev  0x00000a70      0x188 /usr/lib/gcc/arm-none-eabi/14.2.0/thumb/v6-m/nofp/libgcc.a(floatunsidf.o)
 .debug_abbrev  0x00000bf8       0x28 /usr/lib/gcc/arm-none-eabi/14.2.0/thumb/v6-m/nofp/libgcc.a(_clzsi2.o)
 .debug_abbrev  0x00000c20       0x9e /usr/lib/gcc/arm-none-eabi/14.2.0/../../../../arm-none-eabi/lib/thumb/v6-m/nofp/libc_nano.a(libc_a-memset.o)
 .debug_abbrev  0x00000cbe       0xc1 /usr/lib/gcc/arm-none-eabi/14.2.0/../../../../arm-none-eabi/lib/thumb/v6-m/nofp/libc_nano.a(libc_a-memcpy-stub.o)
 .debug_abbrev  0x00000d7f       0x28 /usr/lib/gcc/arm-none-eabi/14.2.0/../../../../arm-none-eabi/lib/thumb/v6-m/nofp/libc_nano.a(libc_a-strlen.o)

.debug_aranges  0x00000000      0x200
 .debug_aranges
                0x00000000       0x20 /usr/lib/gcc/arm-none-eabi/14.2.0/thumb/v6-m/nofp/libgcc.a(_udivsi3.o)
 .debug_aranges
                0x00000020       0x20 /usr/lib/gcc/arm-none-eabi/14.2.0/thumb/v6-m/nofp/libgcc.a(_divsi3.o)
 .debug_aranges
                0x00000040       0x20 /usr/lib/gcc/arm-none-eabi/14.2.0/thumb/v6-m/nofp/libgcc.a(_dvmd_tls.o)
 .debug_aranges
                0x00000060       0x20 /usr/lib/gcc/arm-none-eabi/14.2.0/thumb/v6-m/nofp/libgcc.a(_arm_cmpdf2.o)
 .debug_aranges
                0x00000080       0x20 /usr/lib/gcc/arm-none-eabi/14.2.0/thumb/v6-m/nofp/libgcc.a(adddf3.o)
 .debug_aranges
                0x000000a0       0x20 /usr/lib/gcc/arm-none-eabi/14.2.0/thumb/v6-m/nofp/libgcc.a(eqdf2.o)
 .debug_aranges
                0x000000c0       0x20 /usr/lib/gcc/arm-none-eabi/14.2.0/thumb/v6-m/nofp/libgcc.a(gedf2.o)
 .debug_aranges
                0x000000e0       0x20 /usr/lib/gcc/arm-none-eabi/14.2.0/thumb/v6-m/nofp/libgcc.a(ledf2.o)
 .debug_aranges
                0x00000100       0x20 /usr/lib/gcc/arm-none-eabi/14.2.0/thumb/v6-m/nofp/libgcc.a(muldf3.o)
 .debug_aranges
                0x00000120       0x20 /usr/lib/gcc/arm-none-eabi/14.2.0/thumb/v6-m/nofp/libgcc.a(fixdfsi.o)
 .debug_aranges
                0x00000140       0x20 /usr/lib/gcc/arm-none-eabi/14.2.0/thumb/v6-m/nofp/libgcc.a(floatsidf.o)
 .debug_aranges
                0x00000160       0x20 /usr/lib/gcc/arm-none-eabi/14.2.0/thumb/v6-m/nofp/libgcc.a(floatunsidf.o)
 .debug_aranges
                0x00000180       0x20 /usr/lib/gcc/arm-none-eabi/14.2.0/thumb/v6-m/nofp/libgcc.a(_clzsi2.o)
 .debug_aranges
                0x000001a0       0x20 /usr/lib/gcc/arm-none-eabi/14.2.0/../../../../arm-none-eabi/lib/thumb/v6-m/nofp/libc_nano.a(libc_a-memset.o)
 .debug_aranges
                0x000001c0       0x20 /usr/lib/gcc/arm-none-eabi/14.2.0/../../../../arm-none-eabi/lib/thumb/v6-m/nofp/libc_nano.a(libc_a-memcpy-stub.o)
 .debug_aranges
                0x000001e0       0x20 /usr/lib/gcc/arm-none-eabi/14.2.0/../../../../arm-none-eabi/lib/thumb/v6-m/nofp/libc_nano.a(libc_a-strlen.o)

.debug_str      0x00000000      0x93e
 .debug_str     0x00000000      0x93e /usr/lib/gcc/arm-none-eabi/14.2.0/thumb/v6-m/nofp/libgcc.a(_udivsi3.o)
                                 0xb9 (size before relaxing)
 .debug_str     0x0000093e       0xb7 /usr/lib/gcc/arm-none-eabi/14.2.0/thumb/v6-m/nofp/libgcc.a(_divsi3.o)
 .debug_str     0x0000093e       0xba /usr/lib/gcc/arm-none-eabi/14.2.0/thumb/v6-m/nofp/libgcc.a(_dvmd_tls.o)
 .debug_str     0x0000093e      0x11a /usr/lib/gcc/arm-none-eabi/14.2.0/thumb/v6-m/nofp/libgcc.a(_arm_cmpdf2.o)
 .debug_str     0x0000093e      0x2fe /usr/lib/gcc/arm-none-eabi/14.2.0/thumb/v6-m/nofp/libgcc.a(adddf3.o)
 .debug_str     0x0000093e      0x20b /usr/lib/gcc/arm-none-eabi/14.2.0/thumb/v6-m/nofp/libgcc.a(eqdf2.o)
 .debug_str     0x0000093e      0x22f /usr/lib/gcc/arm-none-eabi/14.2.0/thumb/v6-m/nofp/libgcc.a(gedf2.o)
 .debug_str     0x0000093e      0x22f /usr/lib/gcc/arm-none-eabi/14.2.0/thumb/v6-m/nofp/libgcc.a(ledf2.o)
 .debug_str     0x0000093e      0x418 /usr/lib/gcc/arm-none-eabi/14.2.0/thumb/v6-m/nofp/libgcc.a(muldf3.o)
 .debug_str     0x0000093e      0x20b /usr/lib/gcc/arm-none-eabi/14.2.0/thumb/v6-m/nofp/libgcc.a(fixdfsi.o)
 .debug_str     0x0000093e      0x2ac /usr/lib/gcc/arm-none-eabi/14.2.0/thumb/v6-m/nofp/libgcc.a(floatsidf.o)
 .debug_str     0x0000093e      0x2a8 /usr/lib/gcc/arm-none-eabi/14.2.0/thumb/v6-m/nofp/libgcc.a(floatunsidf.o)
 .debug_str     0x0000093e       0xa7 /usr/lib/gcc/arm-none-eabi/14.2.0/thumb/v6-m/nofp/libgcc.a(_clzsi2.o)
 .debug_str     0x0000093e      0x1b8 /usr/lib/gcc/arm-none-eabi/14.2.0/../../../../arm-none-eabi/lib/thumb/v6-m/nofp/libc_nano.a(libc_a-memset.o)
 .debug_str     0x0000093e      0x1d6 /usr/lib/gcc/arm-none-eabi/14.2.0/../../../../arm-none-eabi/lib/thumb/v6-m/nofp/libc_nano.a(libc_a-memcpy-stub.o)
 .debug_str     0x0000093e       0xb6 /usr/lib/gcc/arm-none-eabi/14.2.0/../../../../arm-none-eabi/lib/thumb/v6-m/nofp/libc_nano.a(libc_a-strlen.o)
