Archive member included to satisfy reference by file (symbol)

/usr/lib/gcc/arm-none-eabi/14.2.0/thumb/v6-m/nofp/libgcc.a(_udivsi3.o)
                              drivers/fsl_clock.o (__aeabi_uidiv)
/usr/lib/gcc/arm-none-eabi/14.2.0/thumb/v6-m/nofp/libgcc.a(_divsi3.o)
                              drivers/fsl_str.o (__aeabi_idiv)
/usr/lib/gcc/arm-none-eabi/14.2.0/thumb/v6-m/nofp/libgcc.a(_dvmd_tls.o)
                              /usr/lib/gcc/arm-none-eabi/14.2.0/thumb/v6-m/nofp/libgcc.a(_udivsi3.o) (__aeabi_idiv0)
/usr/lib/gcc/arm-none-eabi/14.2.0/thumb/v6-m/nofp/libgcc.a(_aeabi_uldivmod.o)
                              tsi_v4_normal.o (__aeabi_uldivmod)
/usr/lib/gcc/arm-none-eabi/14.2.0/thumb/v6-m/nofp/libgcc.a(_muldi3.o)
                              tsi_v4_normal.o (__aeabi_lmul)
/usr/lib/gcc/arm-none-eabi/14.2.0/thumb/v6-m/nofp/libgcc.a(_udivmoddi4.o)
                              /usr/lib/gcc/arm-none-eabi/14.2.0/thumb/v6-m/nofp/libgcc.a(_aeabi_uldivmod.o) (__udivmoddi4)
/usr/lib/gcc/arm-none-eabi/14.2.0/thumb/v6-m/nofp/libgcc.a(_lshrdi3.o)
                              /usr/lib/gcc/arm-none-eabi/14.2.0/thumb/v6-m/nofp/libgcc.a(_udivmoddi4.o) (__aeabi_llsr)
/usr/lib/gcc/arm-none-eabi/14.2.0/thumb/v6-m/nofp/libgcc.a(_ashldi3.o)
                              /usr/lib/gcc/arm-none-eabi/14.2.0/thumb/v6-m/nofp/libgcc.a(_udivmoddi4.o) (__aeabi_llsl)
/usr/lib/gcc/arm-none-eabi/14.2.0/thumb/v6-m/nofp/libgcc.a(_clzdi2.o)
                              /usr/lib/gcc/arm-none-eabi/14.2.0/thumb/v6-m/nofp/libgcc.a(_udivmoddi4.o) (__clzdi2)
/usr/lib/gcc/arm-none-eabi/14.2.0/thumb/v6-m/nofp/libgcc.a(_clzsi2.o)
                              /usr/lib/gcc/arm-none-eabi/14.2.0/thumb/v6-m/nofp/libgcc.a(_clzdi2.o) (__clzsi2)
/usr/lib/gcc/arm-none-eabi/14.2.0/../../../../arm-none-eabi/lib/thumb/v6-m/nofp/libc_nano.a(libc_a-atexit.o)
                              /usr/lib/gcc/arm-none-eabi/14.2.0/../../../../arm-none-eabi/lib/thumb/v6-m/nofp/crt0.o (atexit)
/usr/lib/gcc/arm-none-eabi/14.2.0/../../../../arm-none-eabi/lib/thumb/v6-m/nofp/libc_nano.a(libc_a-exit.o)
                              /usr/lib/gcc/arm-none-eabi/14.2.0/../../../../arm-none-eabi/lib/thumb/v6-m/nofp/crt0.o (exit)
/usr/lib/gcc/arm-none-eabi/14.2.0/../../../../arm-none-eabi/lib/thumb/v6-m/nofp/libc_nano.a(libc_a-malloc.o)
                              drivers/fsl_common.o (malloc)
/usr/lib/gcc/arm-none-eabi/14.2.0/../../../../arm-none-eabi/lib/thumb/v6-m/nofp/libc_nano.a(libc_a-mallocr.o)
                              /usr/lib/gcc/arm-none-eabi/14.2.0/../../../../arm-none-eabi/lib/thumb/v6-m/nofp/libc_nano.a(libc_a-malloc.o) (_malloc_r)
/usr/lib/gcc/arm-none-eabi/14.2.0/../../../../arm-none-eabi/lib/thumb/v6-m/nofp/libc_nano.a(libc_a-mlock.o)
                              /usr/lib/gcc/arm-none-eabi/14.2.0/../../../../arm-none-eabi/lib/thumb/v6-m/nofp/libc_nano.a(libc_a-mallocr.o) (__malloc_lock)
/usr/lib/gcc/arm-none-eabi/14.2.0/../../../../arm-none-eabi/lib/thumb/v6-m/nofp/libc_nano.a(libc_a-findfp.o)
                              /usr/lib/gcc/arm-none-eabi/14.2.0/../../../../arm-none-eabi/lib/thumb/v6-m/nofp/libc_nano.a(libc_a-exit.o) (__stdio_exit_handler)
/usr/lib/gcc/arm-none-eabi/14.2.0/../../../../arm-none-eabi/lib/thumb/v6-m/nofp/libc_nano.a(libc_a-fwalk.o)
                              /usr/lib/gcc/arm-none-eabi/14.2.0/../../../../arm-none-eabi/lib/thumb/v6-m/nofp/libc_nano.a(libc_a-findfp.o) (_fwalk_sglue)
/usr/lib/gcc/arm-none-eabi/14.2.0/../../../../arm-none-eabi/lib/thumb/v6-m/nofp/libc_nano.a(libc_a-stdio.o)
                              /usr/lib/gcc/arm-none-eabi/14.2.0/../../../../arm-none-eabi/lib/thumb/v6-m/nofp/libc_nano.a(libc_a-findfp.o) (__sread)
/usr/lib/gcc/arm-none-eabi/14.2.0/../../../../arm-none-eabi/lib/thumb/v6-m/nofp/libc_nano.a(libc_a-memset.o)
                              /usr/lib/gcc/arm-none-eabi/14.2.0/../../../../arm-none-eabi/lib/thumb/v6-m/nofp/crt0.o (memset)
/usr/lib/gcc/arm-none-eabi/14.2.0/../../../../arm-none-eabi/lib/thumb/v6-m/nofp/libc_nano.a(libc_a-closer.o)
                              /usr/lib/gcc/arm-none-eabi/14.2.0/../../../../arm-none-eabi/lib/thumb/v6-m/nofp/libc_nano.a(libc_a-stdio.o) (_close_r)
/usr/lib/gcc/arm-none-eabi/14.2.0/../../../../arm-none-eabi/lib/thumb/v6-m/nofp/libc_nano.a(libc_a-reent.o)
                              /usr/lib/gcc/arm-none-eabi/14.2.0/../../../../arm-none-eabi/lib/thumb/v6-m/nofp/libc_nano.a(libc_a-closer.o) (errno)
/usr/lib/gcc/arm-none-eabi/14.2.0/../../../../arm-none-eabi/lib/thumb/v6-m/nofp/libc_nano.a(libc_a-impure.o)
                              /usr/lib/gcc/arm-none-eabi/14.2.0/../../../../arm-none-eabi/lib/thumb/v6-m/nofp/libc_nano.a(libc_a-malloc.o) (_impure_ptr)
/usr/lib/gcc/arm-none-eabi/14.2.0/../../../../arm-none-eabi/lib/thumb/v6-m/nofp/libc_nano.a(libc_a-lseekr.o)
                              /usr/lib/gcc/arm-none-eabi/14.2.0/../../../../arm-none-eabi/lib/thumb/v6-m/nofp/libc_nano.a(libc_a-stdio.o) (_lseek_r)
[...]
Memory Configuration

Name             Origin             Length             Attributes
INTERRUPTS       0x00000000         0x00000100         xr
FLASH_CONFIG     0x00000400         0x00000010         xr
TEXT             0x00000410         0x0003fbf0         xr
RAM              0x1fffe000         0x00008000         xrw
*default*        0x00000000         0xffffffff

Linker script and memory map

LOAD /usr/lib/gcc/arm-none-eabi/14.2.0/thumb/v6-m/nofp/crti.o
LOAD /usr/lib/gcc/arm-none-eabi/14.2.0/thumb/v6-m/nofp/crtbegin.o
LOAD /usr/lib/gcc/arm-none-eabi/14.2.0/../../../../arm-none-eabi/lib/thumb/v6-m/nofp/crt0.o
                0x00000400                        STACK_SIZE = DEFINED (__stack_size__)?__stack_size__:0x400

.interrupts     0x00000000       0xc0
 *(.isr_vector .isr_vector.*)
 .isr_vector    0x00000000       0xc0 startup.o
                0x00000000                g_pfnVectors

.flash_config   0x00000400       0x10
                0x00000400                        . = ALIGN (0x4)
                0x00000400        0x4 LONG 0xffffffff
                0x00000404        0x4 LONG 0xffffffff
                0x00000408        0x4 LONG 0xffffffff
                0x0000040c        0x4 LONG 0xfffffffe

.text           0x00000410     0x4f6b
 *(.text .text.* .gnu.linkonce.t.*)
 .text          0x00000410       0x48 tsi_v4_normal.o
                0x00000410                TSIIntHandler
 .text.startup  0x00000458      0x2a0 tsi_v4_normal.o
                0x00000458                main
 .text          0x000006f8       0x60 startup.o
                0x000006f8                SysTick_Handler
                0x000006f8                HardFaultIntHandler
                0x000006f8                PendSVIntHandler
                0x000006f8                BusFaultIntHandler
                0x000006f8                NMIIntHandler
                0x000006f8                UsageFaultIntHandler
                0x000006f8                MemManageIntHandler
                0x000006f8                SVCIntHandler
                0x000006f8                DebugMonIntHandler
                0x000006fc                RTCSIntHandler
                0x000006fc                FTM1IntHandler
                0x000006fc                USBOTGIntHandler
                0x000006fc                UART0SEIntHandler
                0x000006fc                UART2SEIntHandler
                0x000006fc                FTM2IntHandler
                0x000006fc                I2C1IntHandler
                0x000006fc                PORTDIntHandler
                0x000006fc                Default_ResetHandler
                0x000006fc                DMA1IntHandler
                0x000006fc                DACIntHandler
                0x000006fc                ACMPIntHandler
                0x000006fc                ResetHandler
                0x000006fc                LVDIntHandler
                0x000006fc                PORTAIntHandler
                0x000006fc                SPI1IntHandler
                0x000006fc                FTFAIntHandler
                0x000006fc                UART1SEIntHandler
                0x000006fc                ADCIntHandler
                0x000006fc                DMA0IntHandler
                0x000006fc                I2C0IntHandler
                0x000006fc                FTM0IntHandler
                0x000006fc                LLWUIntHandler
                0x000006fc                MCGIntHandler
                0x000006fc                RTCAIntHandler
                0x000006fc                SPI0IntHandler
                0x000006fc                LPTMRIntHandler
                0x000006fc                PITIntHandler
                0x000006fc                DMA3IntHandler
                0x000006fc                DMA2IntHandler
 .text          0x00000758      0x390 drivers/fsl_tsi_v4.o
                0x00000794                TSI_Init
                0x00000980                TSI_Deinit
                0x00000998                TSI_GetNormalModeDefaultConfig
                0x000009b0                TSI_GetLowPowerModeDefaultConfig
                0x000009cc                TSI_Calibrate
                0x00000a64                TSI_EnableInterrupts
                0x00000a94                TSI_DisableInterrupts
                0x00000ac8                TSI_ClearStatusFlags
 .text          0x00000ae8      0xfa0 drivers/fsl_clock.o
                0x00000b88                CLOCK_GetOsc0ErClkFreq
                0x00000bb0                CLOCK_GetEr32kClkFreq
                0x00000c28                CLOCK_SetSimConfig
                0x00000c74                CLOCK_EnableUsbfs0Clock
                0x00000cd4                CLOCK_GetFllFreq
                0x00000d28                CLOCK_GetPllFllSelClkFreq
                0x00000d7c                CLOCK_GetOutClkFreq
                0x00000df4                CLOCK_GetBusClkFreq
                0x00000e20                CLOCK_GetCoreSysClkFreq
                0x00000e40                CLOCK_GetPlatClkFreq
                0x00000e60                CLOCK_GetFlashClkFreq
                0x00000e8c                CLOCK_GetFreq
                0x00000f98                CLOCK_GetInternalRefClkFreq
                0x00000fc8                CLOCK_GetFixedFreqClkFreq
                0x00000ffc                CLOCK_GetPll0Freq
                0x00001034                CLOCK_SetExternalRefClkConfig
                0x00001038                CLOCK_SetInternalRefClkConfig
                0x000010b8                CLOCK_CalcPllDiv
                0x000011d8                CLOCK_EnablePll0
                0x00001228                CLOCK_SetOsc0MonitorMode
                0x00001264                CLOCK_SetPll0MonitorMode
                0x0000129c                CLOCK_GetStatusFlags
                0x000012cc                CLOCK_ClearStatusFlags
                0x000012ec                CLOCK_InitOsc0
                0x00001358                CLOCK_DeinitOsc0
                0x00001374                CLOCK_TrimInternalRefClk
                0x00001444                CLOCK_GetMode
                0x00001498                CLOCK_SetFeiMode
                0x000014fc                CLOCK_SetFeeMode
                0x0000158c                CLOCK_SetFbiMode
                0x000015f8                CLOCK_SetFbeMode
                0x0000167c                CLOCK_SetBlpiMode
                0x00001690                CLOCK_SetBlpeMode
                0x000016a4                CLOCK_SetPbeMode
                0x00001718                CLOCK_SetPeeMode
                0x00001734                CLOCK_ExternalModeToFbeModeQuick
                0x00001770                CLOCK_InternalModeToFbiModeQuick
                0x00001798                CLOCK_BootToFeiMode
                0x000017a4                CLOCK_BootToFeeMode
                0x000017b8                CLOCK_BootToBlpiMode
                0x000017ec                CLOCK_BootToBlpeMode
                0x00001824                CLOCK_BootToPeeMode
                0x00001868                CLOCK_SetMcgConfig
 .text          0x00001a88       0x38 includes/board.o
                0x00001a88                BOARD_InitDebugConsole
 .text          0x00001ac0       0x7c includes/pin_mux.o
                0x00001ac0                BOARD_InitPins
 .text          0x00001b3c       0xbc includes/clock_config.o
                0x00001b3c                BOARD_BootClockRUN
                0x00001ba8                BOARD_BootClockVLPR
 .text          0x00001bf8      0x164 drivers/fsl_debug_console.o
                0x00001c50                DbgConsole_Init
                0x00001c78                DbgConsole_Deinit
                0x00001c84                DbgConsole_Flush
                0x00001c8c                DbgConsole_Printf
                0x00001cc4                DbgConsole_Putchar
                0x00001cd8                DbgConsole_Scanf
                0x00001d0c                DbgConsole_Getchar
                0x00001d20                _write
                0x00001d44                _read
 .text          0x00001d5c      0x21c drivers/fsl_smc.o
                0x00001d5c                SMC_PreEnterStopModes
                0x00001d88                SMC_PostExitStopModes
                0x00001dac                SMC_PreEnterWaitModes
                0x00001dc0                SMC_PostExitWaitModes
                0x00001dd4                SMC_SetPowerModeRun
                0x00001de0                SMC_SetPowerModeWait
                0x00001dfc                SMC_SetPowerModeStop
                0x00001e4c                SMC_SetPowerModeVlpr
                0x00001e5c                SMC_SetPowerModeVlpw
                0x00001e78                SMC_SetPowerModeVlps
                0x00001ec0                SMC_SetPowerModeLls
                0x00001f08                SMC_SetPowerModeVlls
 .text          0x00001f78      0x148 drivers/fsl_log.o
                0x00001f78                LOG_Init
                0x00001f98                LOG_Deinit
                0x00001fa0                LOG_WaitIdle
                0x00001fac                LOG_Push
                0x00001fe4                LOG_Pop
                0x00002000                LOG_ReadLine
                0x0000208c                LOG_ReadCharacter
 .text          0x000020c0      0x5b0 drivers/fsl_str.o
                0x000020c0                StrFormatPrintf
                0x00002408                StrFormatScanf
 .text          0x00002670       0xe0 drivers/fsl_ftfx_cache.o
                0x00002670                FTFx_CACHE_Init
                0x0000269c                FTFx_CACHE_ClearCachePrefetchSpeculation
                0x000026bc                FTFx_CACHE_PflashSetPrefetchSpeculation
                0x0000270c                FTFx_CACHE_PflashGetPrefetchSpeculation
                0x00002738                mcm_flash_cache_clear
 .text          0x00002750      0x140 drivers/fsl_io.o
                0x00002750                IO_Init
                0x000027cc                IO_Deinit
                0x00002800                IO_WaitIdle
                0x0000283c                IO_Transfer
 .text          0x00002890      0xd20 drivers/fsl_uart.o
                0x000028ac                UART_TransferHandleIRQ
                0x00002bcc                UART_GetInstance
                0x00002bf8                UART_TransferGetRxRingBufferLength
                0x00002c34                UART_Init
                0x00002d84                UART_Deinit
                0x00002dc8                UART_GetDefaultConfig
                0x00002df8                UART_SetBaudRate
                0x00002eb0                UART_EnableInterrupts
                0x00002ed4                UART_DisableInterrupts
                0x00002ef4                UART_GetEnabledInterrupts
                0x00002f0c                UART_GetStatusFlags
                0x00002f18                UART_ClearStatusFlags
                0x00002f60                UART_WriteBlocking
                0x00002f7c                UART_ReadBlocking
                0x00003010                UART_TransferCreateHandle
                0x000030a4                UART_TransferStartRingBuffer
                0x0000311c                UART_TransferStopRingBuffer
                0x00003188                UART_TransferSendNonBlocking
                0x00003224                UART_TransferAbortSend
                0x00003264                UART_TransferGetSendCount
                0x000032b4                UART_TransferReceiveNonBlocking
                0x00003490                UART_TransferAbortReceive
                0x000034f8                UART_TransferGetReceiveCount
                0x0000354c                UART_TransferHandleErrorIRQ
                0x00003550                UART1_DriverIRQHandler
                0x00003568                UART1_RX_TX_DriverIRQHandler
                0x00003580                UART2_DriverIRQHandler
                0x00003598                UART2_RX_TX_DriverIRQHandler
 .text          0x000035b0      0xdcc drivers/fsl_lpsci.o
                0x000035cc                LPSCI_TransferHandleIRQ
                0x00003928                LPSCI_GetInstance
                0x0000393c                LPSCI_TransferGetRxRingBufferLength
                0x00003978                LPSCI_Init
                0x00003af4                LPSCI_Deinit
                0x00003b20                LPSCI_GetDefaultConfig
                0x00003b50                LPSCI_SetBaudRate
                0x00003c4c                LPSCI_EnableInterrupts
                0x00003c70                LPSCI_DisableInterrupts
                0x00003c90                LPSCI_GetEnabledInterrupts
                0x00003ca8                LPSCI_GetStatusFlags
                0x00003cb4                LPSCI_ClearStatusFlags
                0x00003d14                LPSCI_WriteBlocking
                0x00003d50                LPSCI_ReadBlocking
                0x00003e4c                LPSCI_TransferCreateHandle
                0x00003ebc                LPSCI_TransferStartRingBuffer
                0x00003f34                LPSCI_TransferStopRingBuffer
                0x00003fa0                LPSCI_TransferSendNonBlocking
                0x0000403c                LPSCI_TransferAbortSend
                0x0000407c                LPSCI_TransferGetSendCount
                0x000040d0                LPSCI_TransferReceiveNonBlocking
                0x000042ac                LPSCI_TransferAbortReceive
                0x00004314                LPSCI_TransferGetReceiveCount
                0x00004364                LPSCI_TransferHandleErrorIRQ
                0x00004368                UART0_DriverIRQHandler
 .text          0x0000437c       0x20 drivers/fsl_assert.o
                0x0000437c                __assert_func
 .text          0x0000439c       0xf0 drivers/fsl_lptmr.o
                0x000043b8                LPTMR_Init
                0x00004430                LPTMR_Deinit
                0x00004458                LPTMR_GetDefaultConfig
 .text          0x0000448c       0x8c /usr/lib/gcc/arm-none-eabi/14.2.0/thumb/v6-m/nofp/libgcc.a(_udivsi3.o)
                0x0000448c                __udivsi3
                0x0000448c                __aeabi_uidiv
                0x00004504                __aeabi_uidivmod
 .text          0x00004518       0xa8 /usr/lib/gcc/arm-none-eabi/14.2.0/thumb/v6-m/nofp/libgcc.a(_divsi3.o)
                0x00004518                __aeabi_idiv
                0x00004518                __divsi3
                0x000045ac                __aeabi_idivmod
 .text          0x000045c0        0x4 /usr/lib/gcc/arm-none-eabi/14.2.0/thumb/v6-m/nofp/libgcc.a(_dvmd_tls.o)
                0x000045c0                __aeabi_ldiv0
                0x000045c0                __aeabi_idiv0
 .text          0x000045c4       0x40 /usr/lib/gcc/arm-none-eabi/14.2.0/thumb/v6-m/nofp/libgcc.a(_aeabi_uldivmod.o)
                0x000045c4                __aeabi_uldivmod
 .text.__muldi3
                0x00004604       0x44 /usr/lib/gcc/arm-none-eabi/14.2.0/thumb/v6-m/nofp/libgcc.a(_muldi3.o)
                0x00004604                __aeabi_lmul
                0x00004604                __muldi3
 .text.__udivmoddi4
                0x00004648       0xea /usr/lib/gcc/arm-none-eabi/14.2.0/thumb/v6-m/nofp/libgcc.a(_udivmoddi4.o)
                0x00004648                __udivmoddi4
 *fill*         0x00004732        0x2 
 .text          0x00004734       0x18 /usr/lib/gcc/arm-none-eabi/14.2.0/thumb/v6-m/nofp/libgcc.a(_lshrdi3.o)
                0x00004734                __aeabi_llsr
                0x00004734                __lshrdi3
 .text          0x0000474c       0x18 /usr/lib/gcc/arm-none-eabi/14.2.0/thumb/v6-m/nofp/libgcc.a(_ashldi3.o)
                0x0000474c                __ashldi3
                0x0000474c                __aeabi_llsl
 .text          0x00004764       0x18 /usr/lib/gcc/arm-none-eabi/14.2.0/thumb/v6-m/nofp/libgcc.a(_clzdi2.o)
                0x00004764                __clzdi2
 .text          0x0000477c       0x3c /usr/lib/gcc/arm-none-eabi/14.2.0/thumb/v6-m/nofp/libgcc.a(_clzsi2.o)
                0x0000477c                __clzsi2
 .text.memset   0x000047b8       0x10 /usr/lib/gcc/arm-none-eabi/14.2.0/../../../../arm-none-eabi/lib/thumb/v6-m/nofp/libc_nano.a(libc_a-memset.o)
                0x000047b8                memset
 .text.memcpy   0x000047c8       0x12 /usr/lib/gcc/arm-none-eabi/14.2.0/../../../../arm-none-eabi/lib/thumb/v6-m/nofp/libc_nano.a(libc_a-memcpy-stub.o)
                0x000047c8                memcpy
 .text          0x000047da        0xe /usr/lib/gcc/arm-none-eabi/14.2.0/../../../../arm-none-eabi/lib/thumb/v6-m/nofp/libc_nano.a(libc_a-strlen.o)
                0x000047da                strlen
 *(.glue_7t)
 .glue_7t       0x000047e8        0x0 linker stubs
 *(.glue_7)
 .glue_7        0x000047e8        0x0 linker stubs
 *(.rodata .rodata* .gnu.linkonce.r.*)
 .rodata.str1.4
                0x000047e8      0x43c tsi_v4_normal.o
                                0x1ab (size before relaxing)
 .rodata        0x00004c24       0x15 tsi_v4_normal.o
 .rodata.str1.4
                0x00004c39       0x84 drivers/fsl_tsi_v4.o
 *fill*         0x00004c39        0x3 
 .rodata        0x00004c3c       0x46 drivers/fsl_tsi_v4.o
 .rodata.str1.4
                0x00004c82       0x37 drivers/fsl_clock.o
 *fill*         0x00004c82        0x2 
 .rodata        0x00004c84      0x138 drivers/fsl_clock.o
 .rodata        0x00004dbc       0x36 includes/clock_config.o
                0x00004dbc                oscConfig_BOARD_BootClockRUN
                0x00004dc4                mcgConfig_BOARD_BootClockRUN
                0x00004dd0                simConfig_BOARD_BootClockRUN
                0x00004dd8                simConfig_BOARD_BootClockVLPR
                0x00004de0                oscConfig_BOARD_BootClockVLPR
                0x00004de8                mcgConfig_BOARD_BootClockVLPR
 .rodata.str1.4
                0x00004df2       0x48 drivers/fsl_debug_console.o
 *fill*         0x00004df2        0x2 
 .rodata        0x00004df4       0x10 drivers/fsl_debug_console.o
 .rodata        0x00004e04        0x2 drivers/fsl_smc.o
 .rodata.str1.4
                0x00004e06       0x2b drivers/fsl_log.o
 *fill*         0x00004e06        0x2 
 .rodata        0x00004e08       0x2e drivers/fsl_log.o
 *fill*         0x00004e36        0x2 
 .rodata        0x00004e38      0x124 drivers/fsl_str.o
 .rodata        0x00004f5c       0x1c drivers/fsl_ftfx_cache.o
 .rodata.str1.4
                0x00004f78       0x1d drivers/fsl_io.o
 .rodata        0x00004f78        0x8 drivers/fsl_io.o
 .rodata.str1.4
                0x00004f80       0xa6 drivers/fsl_uart.o
 .rodata        0x00004f80      0x1d1 drivers/fsl_uart.o
 .rodata.str1.4
                0x00005151       0xae drivers/fsl_lpsci.o
 *fill*         0x00005151        0x3 
 .rodata        0x00005154      0x1ee drivers/fsl_lpsci.o
 .rodata.str1.4
                0x00005342       0x3e drivers/fsl_assert.o
 .rodata.str1.4
                0x00005342       0x3f drivers/fsl_lptmr.o
 *fill*         0x00005342        0x2 
 .rodata        0x00005344       0x37 drivers/fsl_lptmr.o

.vfp11_veneer   0x0000537c        0x0
 .vfp11_veneer  0x0000537c        0x0 linker stubs

.v4_bx          0x0000537c        0x0
 .v4_bx         0x0000537c        0x0 linker stubs

.init           0x0000537c        0x4
 .init          0x0000537c        0x4 /usr/lib/gcc/arm-none-eabi/14.2.0/thumb/v6-m/nofp/crti.o
                0x0000537c                _init

.fini           0x00005380        0x4
 .fini          0x00005380        0x4 /usr/lib/gcc/arm-none-eabi/14.2.0/thumb/v6-m/nofp/crti.o
                0x00005380                _fini

.iplt           0x00005384        0x0
 .iplt          0x00005384        0x0 tsi_v4_normal.o

.ARM.extab
 *(.ARM.extab* .gnu.linkonce.armextab.*)

.ARM.exidx      0x00005384        0x8
 *(.ARM.exidx* .gnu.linkonce.armexidx.*)
 .ARM.exidx.text.__udivmoddi4
                0x00005384        0x8 /usr/lib/gcc/arm-none-eabi/14.2.0/thumb/v6-m/nofp/libgcc.a(_udivmoddi4.o)

.rel.dyn        0x0000538c        0x0
 .rel.iplt      0x0000538c        0x0 tsi_v4_normal.o
                0x0000538c                        . = ALIGN (0x4)
                0x0000538c                        _etext = .
                0x0000538c                        _sidata = .

.data           0x1fffe000        0xc load address 0x0000538c
                0x1fffe000                        _sdata = .
 *(.data .data.*)
 .data          0x1fffe000        0x8 drivers/fsl_clock.o
 .data          0x1fffe008        0x4 includes/system_MKL46Z4.o
                0x1fffe008                SystemCoreClock
                0x1fffe00c                        . = ALIGN (0x4)
                0x1fffe00c                        _edata = .

.igot.plt       0x1fffe00c        0x0 load address 0x00005398
 .igot.plt      0x1fffe00c        0x0 tsi_v4_normal.o

.bss            0x1fffe00c       0x8c load address 0x00005398
                0x1fffe00c                        _sbss = .
 *(.bss .bss.*)
 .bss           0x1fffe00c       0x20 tsi_v4_normal.o
                0x1fffe00c                buffer
 .bss           0x1fffe02c        0x8 drivers/fsl_clock.o
                0x1fffe02c                g_xtal0Freq
                0x1fffe030                g_xtal32Freq
 .bss           0x1fffe034        0x4 drivers/fsl_smc.o
 .bss           0x1fffe038       0x40 drivers/fsl_ftfx_cache.o
 .bss           0x1fffe078        0x8 drivers/fsl_io.o
 .bss           0x1fffe080       0x10 drivers/fsl_uart.o
 .bss           0x1fffe090        0x8 drivers/fsl_lpsci.o
 *(COMMON)
                0x1fffe098                        . = ALIGN (0x4)
                0x1fffe098                        _ebss = .

.co_stack       0x1fffe098      0x400 load address 0x00005424
                0x1fffe098                        . = ALIGN (0x8)
                0x1fffe498                        . = (. + STACK_SIZE)
 *fill*         0x1fffe098      0x400 
                0x1fffe498                        _start_of_stack = .
                0x1fffe498                        . = ALIGN (0x4)
                0x1fffe498                        _end = .
LOAD tsi_v4_normal.o
LOAD startup.o
LOAD drivers/fsl_gpio.o
LOAD drivers/fsl_tsi_v4.o
LOAD drivers/fsl_clock.o
LOAD drivers/fsl_common.o
LOAD includes/board.o
LOAD includes/pin_mux.o
LOAD includes/clock_config.o
LOAD includes/system_MKL46Z4.o
LOAD drivers/fsl_debug_console.o
LOAD drivers/fsl_smc.o
LOAD drivers/fsl_log.o
LOAD drivers/fsl_str.o
LOAD drivers/fsl_ftfx_cache.o
LOAD drivers/fsl_ftfx_controller.o
LOAD drivers/fsl_io.o
LOAD drivers/fsl_uart.o
LOAD drivers/fsl_lpsci.o
LOAD drivers/fsl_assert.o
LOAD drivers/fsl_lptmr.o
START GROUP
LOAD /usr/lib/gcc/arm-none-eabi/14.2.0/thumb/v6-m/nofp/libgcc.a
LOAD /usr/lib/gcc/arm-none-eabi/14.2.0/../../../../arm-none-eabi/lib/thumb/v6-m/nofp/libc_nano.a
END GROUP
START GROUP
LOAD /usr/lib/gcc/arm-none-eabi/14.2.0/thumb/v6-m/nofp/libgcc.a
LOAD /usr/lib/gcc/arm-none-eabi/14.2.0/../../../../arm-none-eabi/lib/thumb/v6-m/nofp/libc_nano.a
END GROUP
LOAD /usr/lib/gcc/arm-none-eabi/14.2.0/thumb/v6-m/nofp/crtend.o
LOAD /usr/lib/gcc/arm-none-eabi/14.2.0/thumb/v6-m/nofp/crtn.o
OUTPUT(tsi_v4_normal.elf elf32-littlearm)
LOAD linker stubs

.ARM.attributes
                0x00000000       0x28
 .ARM.attributes
                0x00000000       0x1e /usr/lib/gcc/arm-none-eabi/14.2.0/thumb/v6-m/nofp/crti.o
 .ARM.attributes
                0x0000001e       0x2c tsi_v4_normal.o
 .ARM.attributes
                0x0000004a       0x2c startup.o
 .ARM.attributes
                0x00000076       0x2c drivers/fsl_tsi_v4.o
 .ARM.attributes
                0x000000a2       0x2c drivers/fsl_clock.o
 .ARM.attributes
                0x000000ce       0x2c includes/board.o
 .ARM.attributes
                0x000000fa       0x2c includes/pin_mux.o
 .ARM.attributes
                0x00000126       0x2c includes/clock_config.o
 .ARM.attributes
                0x00000152       0x2c includes/system_MKL46Z4.o
 .ARM.attributes
                0x0000017e       0x2c drivers/fsl_debug_console.o
 .ARM.attributes
                0x000001aa       0x2c drivers/fsl_smc.o
 .ARM.attributes
                0x000001d6       0x2c drivers/fsl_log.o
 .ARM.attributes
                0x00000202       0x2c drivers/fsl_str.o
 .ARM.attributes
                0x0000022e       0x2c drivers/fsl_ftfx_cache.o
 .ARM.attributes
                0x0000025a       0x2c drivers/fsl_io.o
 .ARM.attributes
                0x00000286       0x2c drivers/fsl_uart.o
 .ARM.attributes
                0x000002b2       0x2c drivers/fsl_lpsci.o
 .ARM.attributes
                0x000002de       0x2c drivers/fsl_assert.o
 .ARM.attributes
                0x0000030a       0x2c drivers/fsl_lptmr.o
 .ARM.attributes
                0x00000336       0x1e /usr/lib/gcc/arm-none-eabi/14.2.0/thumb/v6-m/nofp/libgcc.a(_udivsi3.o)
 .ARM.attributes
                0x00000354       0x1e /usr/lib/gcc/arm-none-eabi/14.2.0/thumb/v6-m/nofp/libgcc.a(_divsi3.o)
 .ARM.attributes
                0x00000372       0x1e /usr/lib/gcc/arm-none-eabi/14.2.0/thumb/v6-m/nofp/libgcc.a(_dvmd_tls.o)
 .ARM.attributes
                0x00000390       0x1e /usr/lib/gcc/arm-none-eabi/14.2.0/thumb/v6-m/nofp/libgcc.a(_aeabi_uldivmod.o)
 .ARM.attributes
                0x000003ae       0x2c /usr/lib/gcc/arm-none-eabi/14.2.0/thumb/v6-m/nofp/libgcc.a(_muldi3.o)
 .ARM.attributes
                0x000003da       0x2c /usr/lib/gcc/arm-none-eabi/14.2.0/thumb/v6-m/nofp/libgcc.a(_udivmoddi4.o)
 .ARM.attributes
                0x00000406       0x1e /usr/lib/gcc/arm-none-eabi/14.2.0/thumb/v6-m/nofp/libgcc.a(_lshrdi3.o)
 .ARM.attributes
                0x00000424       0x1e /usr/lib/gcc/arm-none-eabi/14.2.0/thumb/v6-m/nofp/libgcc.a(_ashldi3.o)
 .ARM.attributes
                0x00000442       0x1e /usr/lib/gcc/arm-none-eabi/14.2.0/thumb/v6-m/nofp/libgcc.a(_clzdi2.o)
 .ARM.attributes
                0x00000460       0x1e /usr/lib/gcc/arm-none-eabi/14.2.0/thumb/v6-m/nofp/libgcc.a(_clzsi2.o)
 .ARM.attributes
                0x0000047e       0x2c /usr/lib/gcc/arm-none-eabi/14.2.0/../../../../arm-none-eabi/lib/thumb/v6-m/nofp/libc_nano.a(libc_a-memset.o)
 .ARM.attributes
                0x000004aa       0x2c /usr/lib/gcc/arm-none-eabi/14.2.0/../../../../arm-none-eabi/lib/thumb/v6-m/nofp/libc_nano.a(libc_a-memcpy-stub.o)
 .ARM.attributes
                0x000004d6       0x1c /usr/lib/gcc/arm-none-eabi/14.2.0/../../../../arm-none-eabi/lib/thumb/v6-m/nofp/libc_nano.a(libc_a-strlen.o)

.comment        0x00000000       0x1e
 .comment       0x00000000       0x1e tsi_v4_normal.o
                                 0x1f (size before relaxing)
 .comment       0x0000001e       0x1f startup.o
 .comment       0x0000001e       0x1f drivers/fsl_tsi_v4.o
 .comment       0x0000001e       0x1f drivers/fsl_clock.o
 .comment       0x0000001e       0x1f includes/board.o
 .comment       0x0000001e       0x1f includes/pin_mux.o
 .comment       0x0000001e       0x1f includes/clock_config.o
 .comment       0x0000001e       0x1f includes/system_MKL46Z4.o
 .comment       0x0000001e       0x1f drivers/fsl_debug_console.o
 .comment       0x0000001e       0x1f drivers/fsl_smc.o
 .comment       0x0000001e       0x1f drivers/fsl_log.o
 .comment       0x0000001e       0x1f drivers/fsl_str.o
 .comment       0x0000001e       0x1f drivers/fsl_ftfx_cache.o
 .comment       0x0000001e       0x1f drivers/fsl_io.o
 .comment       0x0000001e       0x1f drivers/fsl_uart.o
 .comment       0x0000001e       0x1f drivers/fsl_lpsci.o
 .comment       0x0000001e       0x1f drivers/fsl_assert.o
 .comment       0x0000001e       0x1f drivers/fsl_lptmr.o
 .comment       0x0000001e       0x1f /usr/lib/gcc/arm-none-eabi/14.2.0/thumb/v6-m/nofp/libgcc.a(_muldi3.o)
 .comment       0x0000001e       0x1f /usr/lib/gcc/arm-none-eabi/14.2.0/thumb/v6-m/nofp/libgcc.a(_udivmoddi4.o)
 .comment       0x0000001e       0x1f /usr/lib/gcc/arm-none-eabi/14.2.0/../../../../arm-none-eabi/lib/thumb/v6-m/nofp/libc_nano.a(libc_a-memset.o)
 .comment       0x0000001e       0x1f /usr/lib/gcc/arm-none-eabi/14.2.0/../../../../arm-none-eabi/lib/thumb/v6-m/nofp/libc_nano.a(libc_a-memcpy-stub.o)

.debug_frame    0x00000000       0xec
 .debug_frame   0x00000000       0x20 /usr/lib/gcc/arm-none-eabi/14.2.0/thumb/v6-m/nofp/libgcc.a(_udivsi3.o)
 .debug_frame   0x00000020       0x20 /usr/lib/gcc/arm-none-eabi/14.2.0/thumb/v6-m/nofp/libgcc.a(_divsi3.o)
 .debug_frame   0x00000040       0x34 /usr/lib/gcc/arm-none-eabi/14.2.0/thumb/v6-m/nofp/libgcc.a(_muldi3.o)
 .debug_frame   0x00000074       0x30 /usr/lib/gcc/arm-none-eabi/14.2.0/thumb/v6-m/nofp/libgcc.a(_udivmoddi4.o)
 .debug_frame   0x000000a4       0x20 /usr/lib/gcc/arm-none-eabi/14.2.0/../../../../arm-none-eabi/lib/thumb/v6-m/nofp/libc_nano.a(libc_a-memset.o)
 .debug_frame   0x000000c4       0x28 /usr/lib/gcc/arm-none-eabi/14.2.0/../../../../arm-none-eabi/lib/thumb/v6-m/nofp/libc_nano.a(libc_a-memcpy-stub.o)

.debug_line     0x00000000      0x86e
 .debug_line    0x00000000       0x61 /usr/lib/gcc/arm-none-eabi/14.2.0/thumb/v6-m/nofp/libgcc.a(_udivsi3.o)
 .debug_line    0x00000061       0x6f /usr/lib/gcc/arm-none-eabi/14.2.0/thumb/v6-m/nofp/libgcc.a(_divsi3.o)
 .debug_line    0x000000d0       0x4a /usr/lib/gcc/arm-none-eabi/14.2.0/thumb/v6-m/nofp/libgcc.a(_dvmd_tls.o)
 .debug_line    0x0000011a       0x55 /usr/lib/gcc/arm-none-eabi/14.2.0/thumb/v6-m/nofp/libgcc.a(_aeabi_uldivmod.o)
 .debug_line    0x0000016f      0x119 /usr/lib/gcc/arm-none-eabi/14.2.0/thumb/v6-m/nofp/libgcc.a(_muldi3.o)
 .debug_line    0x00000288      0x18e /usr/lib/gcc/arm-none-eabi/14.2.0/thumb/v6-m/nofp/libgcc.a(_udivmoddi4.o)
 .debug_line    0x00000416       0x55 /usr/lib/gcc/arm-none-eabi/14.2.0/thumb/v6-m/nofp/libgcc.a(_lshrdi3.o)
 .debug_line    0x0000046b       0x55 /usr/lib/gcc/arm-none-eabi/14.2.0/thumb/v6-m/nofp/libgcc.a(_ashldi3.o)
 .debug_line    0x000004c0       0x54 /usr/lib/gcc/arm-none-eabi/14.2.0/thumb/v6-m/nofp/libgcc.a(_clzdi2.o)
 .debug_line    0x00000514       0x5e /usr/lib/gcc/arm-none-eabi/14.2.0/thumb/v6-m/nofp/libgcc.a(_clzsi2.o)
 .debug_line    0x00000572      0x11d /usr/lib/gcc/arm-none-eabi/14.2.0/../../../../arm-none-eabi/lib/thumb/v6-m/nofp/libc_nano.a(libc_a-memset.o)
 .debug_line    0x0000068f      0x190 /usr/lib/gcc/arm-none-eabi/14.2.0/../../../../arm-none-eabi/lib/thumb/v6-m/nofp/libc_nano.a(libc_a-memcpy-stub.o)
 .debug_line    0x0000081f       0x4f /usr/lib/gcc/arm-none-eabi/14.2.0/../../../../arm-none-eabi/lib/thumb/v6-m/nofp/libc_nano.a(libc_a-strlen.o)

.debug_line_str
                0x00000000      0x141
 .debug_line_str
                0x00000000      0x141 /usr/lib/gcc/arm-none-eabi/14.2.0/thumb/v6-m/nofp/libgcc.a(_udivsi3.o)
                                 0x92 (size before relaxing)
 .debug_line_str
                0x00000141       0x92 /usr/lib/gcc/arm-none-eabi/14.2.0/thumb/v6-m/nofp/libgcc.a(_divsi3.o)
 .debug_line_str
                0x00000141       0x92 /usr/lib/gcc/arm-none-eabi/14.2.0/thumb/v6-m/nofp/libgcc.a(_dvmd_tls.o)
 .debug_line_str
                0x00000141       0x92 /usr/lib/gcc/arm-none-eabi/14.2.0/thumb/v6-m/nofp/libgcc.a(_aeabi_uldivmod.o)
 .debug_line_str
                0x00000141       0x92 /usr/lib/gcc/arm-none-eabi/14.2.0/thumb/v6-m/nofp/libgcc.a(_lshrdi3.o)
 .debug_line_str
                0x00000141       0x92 /usr/lib/gcc/arm-none-eabi/14.2.0/thumb/v6-m/nofp/libgcc.a(_ashldi3.o)
 .debug_line_str
                0x00000141       0x92 /usr/lib/gcc/arm-none-eabi/14.2.0/thumb/v6-m/nofp/libgcc.a(_clzdi2.o)
 .debug_line_str
                0x00000141       0x92 /usr/lib/gcc/arm-none-eabi/14.2.0/thumb/v6-m/nofp/libgcc.a(_clzsi2.o)
 .debug_line_str
                0x00000141       0xa3 /usr/lib/gcc/arm-none-eabi/14.2.0/../../../../arm-none-eabi/lib/thumb/v6-m/nofp/libc_nano.a(libc_a-strlen.o)

.debug_info     0x00000000      0xbf4
 .debug_info    0x00000000       0x3d /usr/lib/gcc/arm-none-eabi/14.2.0/thumb/v6-m/nofp/libgcc.a(_udivsi3.o)
 .debug_info    0x0000003d       0x3e /usr/lib/gcc/arm-none-eabi/14.2.0/thumb/v6-m/nofp/libgcc.a(_divsi3.o)
 .debug_info    0x0000007b       0x3c /usr/lib/gcc/arm-none-eabi/14.2.0/thumb/v6-m/nofp/libgcc.a(_dvmd_tls.o)
 .debug_info    0x000000b7       0x31 /usr/lib/gcc/arm-none-eabi/14.2.0/thumb/v6-m/nofp/libgcc.a(_aeabi_uldivmod.o)
 .debug_info    0x000000e8      0x42c /usr/lib/gcc/arm-none-eabi/14.2.0/thumb/v6-m/nofp/libgcc.a(_muldi3.o)
 .debug_info    0x00000514      0x3e7 /usr/lib/gcc/arm-none-eabi/14.2.0/thumb/v6-m/nofp/libgcc.a(_udivmoddi4.o)
 .debug_info    0x000008fb       0x3c /usr/lib/gcc/arm-none-eabi/14.2.0/thumb/v6-m/nofp/libgcc.a(_lshrdi3.o)
 .debug_info    0x00000937       0x3c /usr/lib/gcc/arm-none-eabi/14.2.0/thumb/v6-m/nofp/libgcc.a(_ashldi3.o)
 .debug_info    0x00000973       0x24 /usr/lib/gcc/arm-none-eabi/14.2.0/thumb/v6-m/nofp/libgcc.a(_clzdi2.o)
 .debug_info    0x00000997       0x31 /usr/lib/gcc/arm-none-eabi/14.2.0/thumb/v6-m/nofp/libgcc.a(_clzsi2.o)
 .debug_info    0x000009c8       0xe0 /usr/lib/gcc/arm-none-eabi/14.2.0/../../../../arm-none-eabi/lib/thumb/v6-m/nofp/libc_nano.a(libc_a-memset.o)
 .debug_info    0x00000aa8      0x11b /usr/lib/gcc/arm-none-eabi/14.2.0/../../../../arm-none-eabi/lib/thumb/v6-m/nofp/libc_nano.a(libc_a-memcpy-stub.o)
 .debug_info    0x00000bc3       0x31 /usr/lib/gcc/arm-none-eabi/14.2.0/../../../../arm-none-eabi/lib/thumb/v6-m/nofp/libc_nano.a(libc_a-strlen.o)

.debug_abbrev   0x00000000      0x534
 .debug_abbrev  0x00000000       0x28 /usr/lib/gcc/arm-none-eabi/14.2.0/thumb/v6-m/nofp/libgcc.a(_udivsi3.o)
 .debug_abbrev  0x00000028       0x28 /usr/lib/gcc/arm-none-eabi/14.2.0/thumb/v6-m/nofp/libgcc.a(_divsi3.o)
 .debug_abbrev  0x00000050       0x26 /usr/lib/gcc/arm-none-eabi/14.2.0/thumb/v6-m/nofp/libgcc.a(_dvmd_tls.o)
 .debug_abbrev  0x00000076       0x28 /usr/lib/gcc/arm-none-eabi/14.2.0/thumb/v6-m/nofp/libgcc.a(_aeabi_uldivmod.o)
 .debug_abbrev  0x0000009e      0x163 /usr/lib/gcc/arm-none-eabi/14.2.0/thumb/v6-m/nofp/libgcc.a(_muldi3.o)
 .debug_abbrev  0x00000201      0x120 /usr/lib/gcc/arm-none-eabi/14.2.0/thumb/v6-m/nofp/libgcc.a(_udivmoddi4.o)
 .debug_abbrev  0x00000321       0x28 /usr/lib/gcc/arm-none-eabi/14.2.0/thumb/v6-m/nofp/libgcc.a(_lshrdi3.o)
 .debug_abbrev  0x00000349       0x28 /usr/lib/gcc/arm-none-eabi/14.2.0/thumb/v6-m/nofp/libgcc.a(_ashldi3.o)
 .debug_abbrev  0x00000371       0x14 /usr/lib/gcc/arm-none-eabi/14.2.0/thumb/v6-m/nofp/libgcc.a(_clzdi2.o)
 .debug_abbrev  0x00000385       0x28 /usr/lib/gcc/arm-none-eabi/14.2.0/thumb/v6-m/nofp/libgcc.a(_clzsi2.o)
 .debug_abbrev  0x000003ad       0x9e /usr/lib/gcc/arm-none-eabi/14.2.0/../../../../arm-none-eabi/lib/thumb/v6-m/nofp/libc_nano.a(libc_a-memset.o)
 .debug_abbrev  0x0000044b       0xc1 /usr/lib/gcc/arm-none-eabi/14.2.0/../../../../arm-none-eabi/lib/thumb/v6-m/nofp/libc_nano.a(libc_a-memcpy-stub.o)
 .debug_abbrev  0x0000050c       0x28 /usr/lib/gcc/arm-none-eabi/14.2.0/../../../../arm-none-eabi/lib/thumb/v6-m/nofp/libc_nano.a(libc_a-strlen.o)

.debug_aranges  0x00000000      0x1a0
 .debug_aranges
                0x00000000       0x20 /usr/lib/gcc/arm-none-eabi/14.2.0/thumb/v6-m/nofp/libgcc.a(_udivsi3.o)
 .debug_aranges
                0x00000020       0x20 /usr/lib/gcc/arm-none-eabi/14.2.0/thumb/v6-m/nofp/libgcc.a(_divsi3.o)
 .debug_aranges
                0x00000040       0x20 /usr/lib/gcc/arm-none-eabi/14.2.0/thumb/v6-m/nofp/libgcc.a(_dvmd_tls.o)
 .debug_aranges
                0x00000060       0x20 /usr/lib/gcc/arm-none-eabi/14.2.0/thumb/v6-m/nofp/libgcc.a(_aeabi_uldivmod.o)
 .debug_aranges
                0x00000080       0x20 /usr/lib/gcc/arm-none-eabi/14.2.0/thumb/v6-m/nofp/libgcc.a(_muldi3.o)
 .debug_aranges
                0x000000a0       0x20 /usr/lib/gcc/arm-none-eabi/14.2.0/thumb/v6-m/nofp/libgcc.a(_udivmoddi4.o)
 .debug_aranges
                0x000000c0       0x20 /usr/lib/gcc/arm-none-eabi/14.2.0/thumb/v6-m/nofp/libgcc.a(_lshrdi3.o)
 .debug_aranges
                0x000000e0       0x20 /usr/lib/gcc/arm-none-eabi/14.2.0/thumb/v6-m/nofp/libgcc.a(_ashldi3.o)
 .debug_aranges
                0x00000100       0x20 /usr/lib/gcc/arm-none-eabi/14.2.0/thumb/v6-m/nofp/libgcc.a(_clzdi2.o)
 .debug_aranges
                0x00000120       0x20 /usr/lib/gcc/arm-none-eabi/14.2.0/thumb/v6-m/nofp/libgcc.a(_clzsi2.o)
 .debug_aranges
                0x00000140       0x20 /usr/lib/gcc/arm-none-eabi/14.2.0/../../../../arm-none-eabi/lib/thumb/v6-m/nofp/libc_nano.a(libc_a-memset.o)
 .debug_aranges
                0x00000160       0x20 /usr/lib/gcc/arm-none-eabi/14.2.0/../../../../arm-none-eabi/lib/thumb/v6-m/nofp/libc_nano.a(libc_a-memcpy-stub.o)
 .debug_aranges
                0x00000180       0x20 /usr/lib/gcc/arm-none-eabi/14.2.0/../../../../arm-none-eabi/lib/thumb/v6-m/nofp/libc_nano.a(libc_a-strlen.o)

.debug_str      0x00000000      0xa40
 .debug_str     0x00000000      0xa40 /usr/lib/gcc/arm-none-eabi/14.2.0/thumb/v6-m/nofp/libgcc.a(_udivsi3.o)
                                 0xb9 (size before relaxing)
 .debug_str     0x00000a40       0xb7 /usr/lib/gcc/arm-none-eabi/14.2.0/thumb/v6-m/nofp/libgcc.a(_divsi3.o)
 .debug_str     0x00000a40       0xba /usr/lib/gcc/arm-none-eabi/14.2.0/thumb/v6-m/nofp/libgcc.a(_dvmd_tls.o)
 .debug_str     0x00000a40       0xaf /usr/lib/gcc/arm-none-eabi/14.2.0/thumb/v6-m/nofp/libgcc.a(_aeabi_uldivmod.o)
 .debug_str     0x00000a40      0x69b /usr/lib/gcc/arm-none-eabi/14.2.0/thumb/v6-m/nofp/libgcc.a(_muldi3.o)
 .debug_str     0x00000a40      0x68b /usr/lib/gcc/arm-none-eabi/14.2.0/thumb/v6-m/nofp/libgcc.a(_udivmoddi4.o)
 .debug_str     0x00000a40       0xb5 /usr/lib/gcc/arm-none-eabi/14.2.0/thumb/v6-m/nofp/libgcc.a(_lshrdi3.o)
 .debug_str     0x00000a40       0xb5 /usr/lib/gcc/arm-none-eabi/14.2.0/thumb/v6-m/nofp/libgcc.a(_ashldi3.o)
 .debug_str     0x00000a40       0x9e /usr/lib/gcc/arm-none-eabi/14.2.0/thumb/v6-m/nofp/libgcc.a(_clzdi2.o)
 .debug_str     0x00000a40       0xa7 /usr/lib/gcc/arm-none-eabi/14.2.0/thumb/v6-m/nofp/libgcc.a(_clzsi2.o)
 .debug_str     0x00000a40      0x1b8 /usr/lib/gcc/arm-none-eabi/14.2.0/../../../../arm-none-eabi/lib/thumb/v6-m/nofp/libc_nano.a(libc_a-memset.o)
 .debug_str     0x00000a40      0x1d6 /usr/lib/gcc/arm-none-eabi/14.2.0/../../../../arm-none-eabi/lib/thumb/v6-m/nofp/libc_nano.a(libc_a-memcpy-stub.o)
 .debug_str     0x00000a40       0xb6 /usr/lib/gcc/arm-none-eabi/14.2.0/../../../../arm-none-eabi/lib/thumb/v6-m/nofp/libc_nano.a(libc_a-strlen.o)

.debug_loclists
                0x00000000      0x398
 .debug_loclists
                0x00000000       0xaf /usr/lib/gcc/arm-none-eabi/14.2.0/thumb/v6-m/nofp/libgcc.a(_muldi3.o)
 .debug_loclists
                0x000000af      0x1ba /usr/lib/gcc/arm-none-eabi/14.2.0/thumb/v6-m/nofp/libgcc.a(_udivmoddi4.o)
 .debug_loclists
                0x00000269       0x80 /usr/lib/gcc/arm-none-eabi/14.2.0/../../../../arm-none-eabi/lib/thumb/v6-m/nofp/libc_nano.a(libc_a-memset.o)
 .debug_loclists
                0x000002e9       0xaf /usr/lib/gcc/arm-none-eabi/14.2.0/../../../../arm-none-eabi/lib/thumb/v6-m/nofp/libc_nano.a(libc_a-memcpy-stub.o)

.debug_rnglists
                0x00000000       0x65
 .debug_rnglists
                0x00000000       0x2b /usr/lib/gcc/arm-none-eabi/14.2.0/thumb/v6-m/nofp/libgcc.a(_muldi3.o)
 .debug_rnglists
                0x0000002b       0x14 /usr/lib/gcc/arm-none-eabi/14.2.0/thumb/v6-m/nofp/libgcc.a(_udivmoddi4.o)
 .debug_rnglists
                0x0000003f       0x13 /usr/lib/gcc/arm-none-eabi/14.2.0/../../../../arm-none-eabi/lib/thumb/v6-m/nofp/libc_nano.a(libc_a-memset.o)
 .debug_rnglists
                0x00000052       0x13 /usr/lib/gcc/arm-none-eabi/14.2.0/../../../../arm-none-eabi/lib/thumb/v6-m/nofp/libc_nano.a(libc_a-memcpy-stub.o)
